Component: ARM Compiler 5.06 update 6 (build 750) Tool: armlink [4d35ed]

==============================================================================

Section Cross References

    main.o(i.ALARM_CALL) refers to rt_memclr_w.o(.text) for __aeabi_memclr4
    main.o(i.ALARM_CALL) refers to rt_memcpy_w.o(.text) for __aeabi_memcpy4
    main.o(i.ALARM_CALL) refers to main.o(i.DisplayTime) for DisplayTime
    main.o(i.ALARM_CALL) refers to main.o(i.soundPWM) for soundPWM
    main.o(i.ALARM_CALL) refers to main.o(i.I2C0_WriteByte) for I2C0_WriteByte
    main.o(i.ALARM_CALL) refers to main.o(i.Delay) for Delay
    main.o(i.ALARM_CALL) refers to pwm.o(i.PWMOutputState) for PWMOutputState
    main.o(i.ALARM_CALL) refers to main.o(.constdata) for .constdata
    main.o(i.ALARM_CALL) refers to main.o(.data) for opening
    main.o(i.DisplayAlarm) refers to main.o(i.I2C0_WriteByte) for I2C0_WriteByte
    main.o(i.DisplayAlarm) refers to main.o(.data) for rightshift
    main.o(i.DisplayDate) refers to main.o(i.I2C0_WriteByte) for I2C0_WriteByte
    main.o(i.DisplayDate) refers to main.o(.data) for rightshift
    main.o(i.DisplayDate_left) refers to main.o(i.I2C0_WriteByte) for I2C0_WriteByte
    main.o(i.DisplayDate_left) refers to main.o(.data) for rightshift
    main.o(i.DisplayDate_right) refers to main.o(i.I2C0_WriteByte) for I2C0_WriteByte
    main.o(i.DisplayDate_right) refers to main.o(.data) for rightshift
    main.o(i.DisplayTime) refers to main.o(i.I2C0_WriteByte) for I2C0_WriteByte
    main.o(i.DisplayTime) refers to main.o(.data) for rightshift
    main.o(i.DisplayTime_left) refers to main.o(i.I2C0_WriteByte) for I2C0_WriteByte
    main.o(i.DisplayTime_left) refers to main.o(.data) for rightshift
    main.o(i.DisplayTime_right) refers to main.o(i.I2C0_WriteByte) for I2C0_WriteByte
    main.o(i.DisplayTime_right) refers to main.o(.data) for rightshift
    main.o(i.I2C0_ReadByte) refers to i2c.o(i.I2CMasterBusy) for I2CMasterBusy
    main.o(i.I2C0_ReadByte) refers to i2c.o(i.I2CMasterSlaveAddrSet) for I2CMasterSlaveAddrSet
    main.o(i.I2C0_ReadByte) refers to i2c.o(i.I2CMasterDataPut) for I2CMasterDataPut
    main.o(i.I2C0_ReadByte) refers to i2c.o(i.I2CMasterControl) for I2CMasterControl
    main.o(i.I2C0_ReadByte) refers to i2c.o(i.I2CMasterBusBusy) for I2CMasterBusBusy
    main.o(i.I2C0_ReadByte) refers to i2c.o(i.I2CMasterErr) for I2CMasterErr
    main.o(i.I2C0_ReadByte) refers to main.o(i.Delay) for Delay
    main.o(i.I2C0_ReadByte) refers to i2c.o(i.I2CMasterDataGet) for I2CMasterDataGet
    main.o(i.I2C0_WriteByte) refers to i2c.o(i.I2CMasterBusy) for I2CMasterBusy
    main.o(i.I2C0_WriteByte) refers to i2c.o(i.I2CMasterSlaveAddrSet) for I2CMasterSlaveAddrSet
    main.o(i.I2C0_WriteByte) refers to i2c.o(i.I2CMasterDataPut) for I2CMasterDataPut
    main.o(i.I2C0_WriteByte) refers to i2c.o(i.I2CMasterControl) for I2CMasterControl
    main.o(i.I2C0_WriteByte) refers to i2c.o(i.I2CMasterErr) for I2CMasterErr
    main.o(i.INIT_CLOCK) refers to main.o(.data) for year
    main.o(i.PWM_Init) refers to sysctl.o(i.SysCtlPeripheralEnable) for SysCtlPeripheralEnable
    main.o(i.PWM_Init) refers to gpio.o(i.GPIOPinConfigure) for GPIOPinConfigure
    main.o(i.PWM_Init) refers to gpio.o(i.GPIOPinTypePWM) for GPIOPinTypePWM
    main.o(i.PWM_Init) refers to pwm.o(i.PWMGenConfigure) for PWMGenConfigure
    main.o(i.PWM_Init) refers to pwm.o(i.PWMGenPeriodSet) for PWMGenPeriodSet
    main.o(i.PWM_Init) refers to pwm.o(i.PWMClockSet) for PWMClockSet
    main.o(i.PWM_Init) refers to pwm.o(i.PWMPulseWidthSet) for PWMPulseWidthSet
    main.o(i.PWM_Init) refers to pwm.o(i.PWMOutputState) for PWMOutputState
    main.o(i.PWM_Init) refers to pwm.o(i.PWMGenEnable) for PWMGenEnable
    main.o(i.S800_GPIO_Init) refers to sysctl.o(i.SysCtlPeripheralEnable) for SysCtlPeripheralEnable
    main.o(i.S800_GPIO_Init) refers to sysctl.o(i.SysCtlPeripheralReady) for SysCtlPeripheralReady
    main.o(i.S800_GPIO_Init) refers to gpio.o(i.GPIOPinTypeGPIOOutput) for GPIOPinTypeGPIOOutput
    main.o(i.S800_GPIO_Init) refers to gpio.o(i.GPIOPinTypeGPIOInput) for GPIOPinTypeGPIOInput
    main.o(i.S800_GPIO_Init) refers to gpio.o(i.GPIOPadConfigSet) for GPIOPadConfigSet
    main.o(i.S800_I2C0_Init) refers to sysctl.o(i.SysCtlPeripheralEnable) for SysCtlPeripheralEnable
    main.o(i.S800_I2C0_Init) refers to gpio.o(i.GPIOPinConfigure) for GPIOPinConfigure
    main.o(i.S800_I2C0_Init) refers to gpio.o(i.GPIOPinTypeI2CSCL) for GPIOPinTypeI2CSCL
    main.o(i.S800_I2C0_Init) refers to gpio.o(i.GPIOPinTypeI2C) for GPIOPinTypeI2C
    main.o(i.S800_I2C0_Init) refers to i2c.o(i.I2CMasterInitExpClk) for I2CMasterInitExpClk
    main.o(i.S800_I2C0_Init) refers to i2c.o(i.I2CMasterEnable) for I2CMasterEnable
    main.o(i.S800_I2C0_Init) refers to main.o(i.I2C0_WriteByte) for I2C0_WriteByte
    main.o(i.S800_I2C0_Init) refers to main.o(.data) for ui32SysClock
[...]
    ../clib/angel/scatter.s                  0x00000000   Number         0  __scatter.o ABSOLUTE
    ../clib/angel/startup.s                  0x00000000   Number         0  __main.o ABSOLUTE
    ../clib/angel/sys.s                      0x00000000   Number         0  use_no_semi.o ABSOLUTE
    ../clib/angel/sys.s                      0x00000000   Number         0  libspace.o ABSOLUTE
    ../clib/angel/sys.s                      0x00000000   Number         0  sys_stackheap_outer.o ABSOLUTE
    ../clib/angel/sys.s                      0x00000000   Number         0  indicate_semi.o ABSOLUTE
    ../clib/angel/sysapp.c                   0x00000000   Number         0  sys_exit.o ABSOLUTE
    ../clib/angel/sysapp.c                   0x00000000   Number         0  sys_command.o ABSOLUTE
    ../clib/angel/sysapp.c                   0x00000000   Number         0  sys_wrch.o ABSOLUTE
    ../clib/armsys.c                         0x00000000   Number         0  argv_veneer.o ABSOLUTE
    ../clib/armsys.c                         0x00000000   Number         0  _get_argv_nomalloc.o ABSOLUTE
    ../clib/armsys.c                         0x00000000   Number         0  argv_veneer.o ABSOLUTE
    ../clib/armsys.c                         0x00000000   Number         0  no_argv.o ABSOLUTE
    ../clib/heapalloc.c                      0x00000000   Number         0  hrguard.o ABSOLUTE
    ../clib/heapaux.c                        0x00000000   Number         0  heapauxi.o ABSOLUTE
    ../clib/libinit.s                        0x00000000   Number         0  libinit.o ABSOLUTE
    ../clib/libinit.s                        0x00000000   Number         0  libshutdown2.o ABSOLUTE
    ../clib/libinit.s                        0x00000000   Number         0  libinit2.o ABSOLUTE
    ../clib/libinit.s                        0x00000000   Number         0  libshutdown.o ABSOLUTE
    ../clib/memcpset.s                       0x00000000   Number         0  strcmpv7m.o ABSOLUTE
    ../clib/memcpset.s                       0x00000000   Number         0  rt_memclr_w.o ABSOLUTE
    ../clib/memcpset.s                       0x00000000   Number         0  rt_memcpy_w.o ABSOLUTE
    ../clib/misc.s                           0x00000000   Number         0  printf_stubs.o ABSOLUTE
    ../clib/printf.c                         0x00000000   Number         0  _printf_str.o ABSOLUTE
    ../clib/printf.c                         0x00000000   Number         0  _printf_dec.o ABSOLUTE
    ../clib/printf.c                         0x00000000   Number         0  __printf_flags_wp.o ABSOLUTE
    ../clib/printf.c                         0x00000000   Number         0  __printf_flags.o ABSOLUTE
    ../clib/printf.c                         0x00000000   Number         0  __printf_ss.o ABSOLUTE
    ../clib/printf.c                         0x00000000   Number         0  __printf_flags_ss.o ABSOLUTE
    ../clib/printf.c                         0x00000000   Number         0  _sputc.o ABSOLUTE
    ../clib/printf.c                         0x00000000   Number         0  noretval__2sprintf.o ABSOLUTE
    ../clib/printf.c                         0x00000000   Number         0  __printf_ss_wp.o ABSOLUTE
    ../clib/printf.c                         0x00000000   Number         0  __2sprintf.o ABSOLUTE
    ../clib/printf.c                         0x00000000   Number         0  __printf.o ABSOLUTE
    ../clib/printf.c                         0x00000000   Number         0  __printf_nopercent.o ABSOLUTE
    ../clib/printf.c                         0x00000000   Number         0  _printf_pad.o ABSOLUTE
    ../clib/printf.c                         0x00000000   Number         0  __printf_flags_ss_wp.o ABSOLUTE
    ../clib/printf.c                         0x00000000   Number         0  _printf_char.o ABSOLUTE
    ../clib/printf.c                         0x00000000   Number         0  _printf_char_common.o ABSOLUTE
    ../clib/printf.c                         0x00000000   Number         0  __printf_wp.o ABSOLUTE
    ../clib/printf.c                         0x00000000   Number         0  _printf_intcommon.o ABSOLUTE
    ../clib/printf_percent.s                 0x00000000   Number         0  _printf_s.o ABSOLUTE
    ../clib/printf_percent.s                 0x00000000   Number         0  _printf_u.o ABSOLUTE
    ../clib/printf_percent.s                 0x00000000   Number         0  _printf_percent.o ABSOLUTE
    ../clib/printf_percent.s                 0x00000000   Number         0  _printf_percent_end.o ABSOLUTE
    ../clib/signal.c                         0x00000000   Number         0  defsig_general.o ABSOLUTE
    ../clib/signal.c                         0x00000000   Number         0  defsig_other.o ABSOLUTE
    ../clib/signal.c                         0x00000000   Number         0  __raise.o ABSOLUTE
    ../clib/signal.c                         0x00000000   Number         0  defsig_rtmem_inner.o ABSOLUTE
    ../clib/signal.c                         0x00000000   Number         0  defsig_exit.o ABSOLUTE
    ../clib/signal.c                         0x00000000   Number         0  defsig_rtmem_formal.o ABSOLUTE
    ../clib/signal.c                         0x00000000   Number         0  defsig_cppl_inner.o ABSOLUTE
    ../clib/signal.c                         0x00000000   Number         0  defsig_segv_inner.o ABSOLUTE
    ../clib/signal.c                         0x00000000   Number         0  defsig_pvfn_inner.o ABSOLUTE
    ../clib/signal.c                         0x00000000   Number         0  defsig_stak_inner.o ABSOLUTE
    ../clib/signal.c                         0x00000000   Number         0  defsig_rtred_inner.o ABSOLUTE
    ../clib/signal.c                         0x00000000   Number         0  defsig_fpe_inner.o ABSOLUTE
    ../clib/signal.c                         0x00000000   Number         0  defsig_abrt_inner.o ABSOLUTE
    ../clib/signal.c                         0x00000000   Number         0  defsig_rtmem_outer.o ABSOLUTE
    ../clib/signal.s                         0x00000000   Number         0  defsig.o ABSOLUTE
    ../clib/stdlib.c                         0x00000000   Number         0  exit.o ABSOLUTE
    ../clib/string.c                         0x00000000   Number         0  strlen.o ABSOLUTE
    ../fplib/fpinit.s                        0x00000000   Number         0  fpinit.o ABSOLUTE
    RTE\Device\TM4C1294NCPDT\startup_TM4C129.s 0x00000000   Number         0  startup_tm4c129.o ABSOLUTE
    RTE\Device\TM4C1294NCPDT\system_TM4C129.c 0x00000000   Number         0  system_tm4c129.o ABSOLUTE
    RTE\\Device\\TM4C1294NCPDT\\system_TM4C129.c 0x00000000   Number         0  system_tm4c129.o ABSOLUTE
    cpu.c                                    0x00000000   Number         0  cpu.o ABSOLUTE
    cpu.c                                    0x00000000   Number         0  cpu.o ABSOLUTE
    dc.s                                     0x00000000   Number         0  dc.o ABSOLUTE
    eeprom.c                                 0x00000000   Number         0  eeprom.o ABSOLUTE
    gpio.c                                   0x00000000   Number         0  gpio.o ABSOLUTE
    i2c.c                                    0x00000000   Number         0  i2c.o ABSOLUTE
    interrupt.c                              0x00000000   Number         0  interrupt.o ABSOLUTE
    main.c                                   0x00000000   Number         0  main.o ABSOLUTE
    pwm.c                                    0x00000000   Number         0  pwm.o ABSOLUTE
    sysctl.c                                 0x00000000   Number         0  sysctl.o ABSOLUTE
    sysctl.c                                 0x00000000   Number         0  sysctl.o ABSOLUTE
    systick.c                                0x00000000   Number         0  systick.o ABSOLUTE
    uart.c                                   0x00000000   Number         0  uart.o ABSOLUTE
    !!!main                                  0x00000200   Section        8  __main.o(!!!main)
    !!!scatter                               0x00000208   Section       52  __scatter.o(!!!scatter)
    !!handler_copy                           0x0000023c   Section       26  __scatter_copy.o(!!handler_copy)
    !!handler_zi                             0x00000258   Section       28  __scatter_zi.o(!!handler_zi)
    .ARM.Collect$$_printf_percent$$00000000  0x00000274   Section        0  _printf_percent.o(.ARM.Collect$$_printf_percent$$00000000)
    .ARM.Collect$$_printf_percent$$0000000A  0x00000274   Section        6  _printf_u.o(.ARM.Collect$$_printf_percent$$0000000A)
    .ARM.Collect$$_printf_percent$$00000014  0x0000027a   Section        6  _printf_s.o(.ARM.Collect$$_printf_percent$$00000014)
    .ARM.Collect$$_printf_percent$$00000017  0x00000280   Section        4  _printf_percent_end.o(.ARM.Collect$$_printf_percent$$00000017)
    .ARM.Collect$$libinit$$00000000          0x00000284   Section        2  libinit.o(.ARM.Collect$$libinit$$00000000)
    .ARM.Collect$$libinit$$00000001          0x00000286   Section        4  libinit2.o(.ARM.Collect$$libinit$$00000001)
    .ARM.Collect$$libinit$$00000004          0x0000028a   Section        0  libinit2.o(.ARM.Collect$$libinit$$00000004)
    .ARM.Collect$$libinit$$0000000A          0x0000028a   Section        0  libinit2.o(.ARM.Collect$$libinit$$0000000A)
    .ARM.Collect$$libinit$$0000000C          0x0000028a   Section        0  libinit2.o(.ARM.Collect$$libinit$$0000000C)
    .ARM.Collect$$libinit$$0000000E          0x0000028a   Section        0  libinit2.o(.ARM.Collect$$libinit$$0000000E)
    .ARM.Collect$$libinit$$00000011          0x0000028a   Section        0  libinit2.o(.ARM.Collect$$libinit$$00000011)
    .ARM.Collect$$libinit$$00000013          0x0000028a   Section        0  libinit2.o(.ARM.Collect$$libinit$$00000013)
    .ARM.Collect$$libinit$$00000015          0x0000028a   Section        0  libinit2.o(.ARM.Collect$$libinit$$00000015)
    .ARM.Collect$$libinit$$00000017          0x0000028a   Section        0  libinit2.o(.ARM.Collect$$libinit$$00000017)
    .ARM.Collect$$libinit$$00000019          0x0000028a   Section        0  libinit2.o(.ARM.Collect$$libinit$$00000019)
    .ARM.Collect$$libinit$$0000001B          0x0000028a   Section        0  libinit2.o(.ARM.Collect$$libinit$$0000001B)
    .ARM.Collect$$libinit$$0000001D          0x0000028a   Section        0  libinit2.o(.ARM.Collect$$libinit$$0000001D)
    .ARM.Collect$$libinit$$0000001F          0x0000028a   Section        0  libinit2.o(.ARM.Collect$$libinit$$0000001F)
    .ARM.Collect$$libinit$$00000021          0x0000028a   Section        0  libinit2.o(.ARM.Collect$$libinit$$00000021)
    .ARM.Collect$$libinit$$00000023          0x0000028a   Section        0  libinit2.o(.ARM.Collect$$libinit$$00000023)
    .ARM.Collect$$libinit$$00000025          0x0000028a   Section        0  libinit2.o(.ARM.Collect$$libinit$$00000025)
    .ARM.Collect$$libinit$$0000002C          0x0000028a   Section        0  libinit2.o(.ARM.Collect$$libinit$$0000002C)
    .ARM.Collect$$libinit$$0000002E          0x0000028a   Section        0  libinit2.o(.ARM.Collect$$libinit$$0000002E)
    .ARM.Collect$$libinit$$00000030          0x0000028a   Section        0  libinit2.o(.ARM.Collect$$libinit$$00000030)
    .ARM.Collect$$libinit$$00000032          0x0000028a   Section        0  libinit2.o(.ARM.Collect$$libinit$$00000032)
    .ARM.Collect$$libinit$$00000033          0x0000028a   Section        2  libinit2.o(.ARM.Collect$$libinit$$00000033)
    .ARM.Collect$$libshutdown$$00000000      0x0000028c   Section        2  libshutdown.o(.ARM.Collect$$libshutdown$$00000000)
    .ARM.Collect$$libshutdown$$00000002      0x0000028e   Section        0  libshutdown2.o(.ARM.Collect$$libshutdown$$00000002)
    .ARM.Collect$$libshutdown$$00000004      0x0000028e   Section        0  libshutdown2.o(.ARM.Collect$$libshutdown$$00000004)
    .ARM.Collect$$libshutdown$$00000007      0x0000028e   Section        0  libshutdown2.o(.ARM.Collect$$libshutdown$$00000007)
    .ARM.Collect$$libshutdown$$0000000A      0x0000028e   Section        0  libshutdown2.o(.ARM.Collect$$libshutdown$$0000000A)
    .ARM.Collect$$libshutdown$$0000000C      0x0000028e   Section        0  libshutdown2.o(.ARM.Collect$$libshutdown$$0000000C)
    .ARM.Collect$$libshutdown$$0000000F      0x0000028e   Section        0  libshutdown2.o(.ARM.Collect$$libshutdown$$0000000F)
    .ARM.Collect$$libshutdown$$00000010      0x0000028e   Section        2  libshutdown2.o(.ARM.Collect$$libshutdown$$00000010)
    .ARM.Collect$$rtentry$$00000000          0x00000290   Section        0  __rtentry.o(.ARM.Collect$$rtentry$$00000000)
    .ARM.Collect$$rtentry$$00000002          0x00000290   Section        0  __rtentry2.o(.ARM.Collect$$rtentry$$00000002)
    .ARM.Collect$$rtentry$$00000004          0x00000290   Section        6  __rtentry4.o(.ARM.Collect$$rtentry$$00000004)
    .ARM.Collect$$rtentry$$00000009          0x00000296   Section        0  __rtentry2.o(.ARM.Collect$$rtentry$$00000009)
    .ARM.Collect$$rtentry$$0000000A          0x00000296   Section        4  __rtentry2.o(.ARM.Collect$$rtentry$$0000000A)
    .ARM.Collect$$rtentry$$0000000C          0x0000029a   Section        0  __rtentry2.o(.ARM.Collect$$rtentry$$0000000C)
    .ARM.Collect$$rtentry$$0000000D          0x0000029a   Section        8  __rtentry2.o(.ARM.Collect$$rtentry$$0000000D)
    .ARM.Collect$$rtexit$$00000000           0x000002a2   Section        2  rtexit.o(.ARM.Collect$$rtexit$$00000000)
    .ARM.Collect$$rtexit$$00000002           0x000002a4   Section        0  rtexit2.o(.ARM.Collect$$rtexit$$00000002)
    .ARM.Collect$$rtexit$$00000003           0x000002a4   Section        4  rtexit2.o(.ARM.Collect$$rtexit$$00000003)
    .ARM.Collect$$rtexit$$00000004           0x000002a8   Section        6  rtexit2.o(.ARM.Collect$$rtexit$$00000004)
    .emb_text                                0x000002b0   Section        6  sysctl.o(.emb_text)
    $v0                                      0x000002b0   Number         0  sysctl.o(.emb_text)
    .emb_text                                0x000002b8   Section       38  cpu.o(.emb_text)
    $v0                                      0x000002b8   Number         0  cpu.o(.emb_text)
    .text                                    0x000002e0   Section      300  startup_tm4c129.o(.text)
    $v0                                      0x000002e0   Number         0  startup_tm4c129.o(.text)
    .text                                    0x0000040c   Section        0  noretval__2sprintf.o(.text)
    .text                                    0x00000434   Section        0  _printf_pad.o(.text)
    .text                                    0x00000482   Section        0  _printf_str.o(.text)
    .text                                    0x000004d4   Section        0  _printf_dec.o(.text)
    .text                                    0x0000054c   Section        0  __printf_flags_wp.o(.text)
    .text                                    0x00000684   Section        0  strlen.o(.text)
    .text                                    0x000006c2   Section      100  rt_memcpy_w.o(.text)
    .text                                    0x00000726   Section       78  rt_memclr_w.o(.text)
    .text                                    0x00000774   Section      128  strcmpv7m.o(.text)
    .text                                    0x000007f4   Section        0  heapauxi.o(.text)
    .text                                    0x000007fa   Section        0  _printf_intcommon.o(.text)
    .text                                    0x000008ac   Section        0  _printf_char_common.o(.text)
    _printf_input_char                       0x000008ad   Thumb Code    10  _printf_char_common.o(.text)
    .text                                    0x000008dc   Section        0  _sputc.o(.text)
    .text                                    0x000008e6   Section        0  _printf_char.o(.text)
    .text                                    0x00000912   Section       74  sys_stackheap_outer.o(.text)
    .text                                    0x0000095c   Section        0  exit.o(.text)
    .text                                    0x00000970   Section        8  libspace.o(.text)
    .text                                    0x00000978   Section        0  sys_exit.o(.text)
    .text                                    0x00000984   Section        2  use_no_semi.o(.text)
    .text                                    0x00000986   Section        0  indicate_semi.o(.text)
    i.ALARM_CALL                             0x00000988   Section        0  main.o(i.ALARM_CALL)
    i.Delay                                  0x00000a1c   Section        0  main.o(i.Delay)
    i.DisplayAlarm                           0x00000a28   Section        0  main.o(i.DisplayAlarm)
    i.DisplayDate                            0x00000b2c   Section        0  main.o(i.DisplayDate)
    i.DisplayDate_left                       0x00000c30   Section        0  main.o(i.DisplayDate_left)
    i.DisplayDate_right                      0x00000d3c   Section        0  main.o(i.DisplayDate_right)
    i.DisplayTime                            0x00000e44   Section        0  main.o(i.DisplayTime)
    i.DisplayTime_left                       0x00000f48   Section        0  main.o(i.DisplayTime_left)
    i.DisplayTime_right                      0x00001054   Section        0  main.o(i.DisplayTime_right)
    i.EEPROMInit                             0x0000115c   Section        0  eeprom.o(i.EEPROMInit)
    i.EEPROMProgram                          0x000011a0   Section        0  eeprom.o(i.EEPROMProgram)
    i.EEPROMRead                             0x00001304   Section        0  eeprom.o(i.EEPROMRead)
    i.GPIODirModeSet                         0x00001338   Section        0  gpio.o(i.GPIODirModeSet)
    i.GPIOPadConfigSet                       0x00001360   Section        0  gpio.o(i.GPIOPadConfigSet)
    i.GPIOPinConfigure                       0x00001498   Section        0  gpio.o(i.GPIOPinConfigure)
    i.GPIOPinRead                            0x000014dc   Section        0  gpio.o(i.GPIOPinRead)
    i.GPIOPinTypeGPIOInput                   0x000014e2   Section        0  gpio.o(i.GPIOPinTypeGPIOInput)
    i.GPIOPinTypeGPIOOutput                  0x000014fe   Section        0  gpio.o(i.GPIOPinTypeGPIOOutput)
    i.GPIOPinTypeI2C                         0x0000151a   Section        0  gpio.o(i.GPIOPinTypeI2C)
    i.GPIOPinTypeI2CSCL                      0x00001536   Section        0  gpio.o(i.GPIOPinTypeI2CSCL)
    i.GPIOPinTypePWM                         0x00001552   Section        0  gpio.o(i.GPIOPinTypePWM)
    i.GPIOPinTypeUART                        0x0000156e   Section        0  gpio.o(i.GPIOPinTypeUART)
    i.GPIOPinWrite                           0x0000158a   Section        0  gpio.o(i.GPIOPinWrite)
    i.I2C0_ReadByte                          0x00001590   Section        0  main.o(i.I2C0_ReadByte)
    i.I2C0_WriteByte                         0x00001610   Section        0  main.o(i.I2C0_WriteByte)
    i.I2CMasterBusBusy                       0x00001684   Section        0  i2c.o(i.I2CMasterBusBusy)
    i.I2CMasterBusy                          0x00001690   Section        0  i2c.o(i.I2CMasterBusy)
    i.I2CMasterControl                       0x0000169c   Section        0  i2c.o(i.I2CMasterControl)
    i.I2CMasterDataGet                       0x000016a0   Section        0  i2c.o(i.I2CMasterDataGet)
    i.I2CMasterDataPut                       0x000016a4   Section        0  i2c.o(i.I2CMasterDataPut)
    i.I2CMasterEnable                        0x000016a8   Section        0  i2c.o(i.I2CMasterEnable)
    i.I2CMasterErr                           0x000016b2   Section        0  i2c.o(i.I2CMasterErr)
    i.I2CMasterInitExpClk                    0x000016cc   Section        0  i2c.o(i.I2CMasterInitExpClk)
    i.I2CMasterSlaveAddrSet                  0x00001720   Section        0  i2c.o(i.I2CMasterSlaveAddrSet)
    i.INIT_CLOCK                             0x00001728   Section        0  main.o(i.INIT_CLOCK)
    i.IntEnable                              0x00001780   Section        0  interrupt.o(i.IntEnable)
    i.IntMasterEnable                        0x000017e4   Section        0  interrupt.o(i.IntMasterEnable)
    i.PWMClockSet                            0x000017f2   Section        0  pwm.o(i.PWMClockSet)
    i.PWMGenConfigure                        0x00001806   Section        0  pwm.o(i.PWMGenConfigure)
    i.PWMGenEnable                           0x0000182c   Section        0  pwm.o(i.PWMGenEnable)
    i.PWMGenPeriodSet                        0x00001836   Section        0  pwm.o(i.PWMGenPeriodSet)
    i.PWMOutputState                         0x00001848   Section        0  pwm.o(i.PWMOutputState)
    i.PWMPulseWidthSet                       0x00001858   Section        0  pwm.o(i.PWMPulseWidthSet)
    i.PWM_Init                               0x00001878   Section        0  main.o(i.PWM_Init)
    i.S800_GPIO_Init                         0x000018ec   Section        0  main.o(i.S800_GPIO_Init)
    i.S800_I2C0_Init                         0x0000196c   Section        0  main.o(i.S800_I2C0_Init)
    i.S800_UART_Init                         0x00001a04   Section        0  main.o(i.S800_UART_Init)
    i.SysCtlClockFreqSet                     0x00001a84   Section        0  sysctl.o(i.SysCtlClockFreqSet)
    i.SysCtlPeripheralEnable                 0x00001d70   Section        0  sysctl.o(i.SysCtlPeripheralEnable)
    i.SysCtlPeripheralReady                  0x00001d98   Section        0  sysctl.o(i.SysCtlPeripheralReady)
    i.SysCtlPeripheralReset                  0x00001dc4   Section        0  sysctl.o(i.SysCtlPeripheralReset)
    i.SysTickEnable                          0x00001e00   Section        0  systick.o(i.SysTickEnable)
    i.SysTickIntEnable                       0x00001e0e   Section        0  systick.o(i.SysTickIntEnable)
    i.SysTickPeriodSet                       0x00001e1c   Section        0  systick.o(i.SysTickPeriodSet)
    i.SysTick_Handler                        0x00001e28   Section        0  main.o(i.SysTick_Handler)
    i.SystemInit                             0x00002018   Section        0  system_tm4c129.o(i.SystemInit)
    i.UART0_Handler                          0x00002038   Section        0  main.o(i.UART0_Handler)
    i.UARTCharGet                            0x00002960   Section        0  uart.o(i.UARTCharGet)
    i.UARTCharPut                            0x0000296c   Section        0  uart.o(i.UARTCharPut)
    i.UARTCharPutNonBlocking                 0x00002978   Section        0  uart.o(i.UARTCharPutNonBlocking)
    i.UARTCharsAvail                         0x00002988   Section        0  uart.o(i.UARTCharsAvail)
    i.UARTConfigSetExpClk                    0x00002992   Section        0  uart.o(i.UARTConfigSetExpClk)
    i.UARTFIFOLevelSet                       0x00002a00   Section        0  uart.o(i.UARTFIFOLevelSet)
    i.UARTIntClear                           0x00002a06   Section        0  uart.o(i.UARTIntClear)
    i.UARTIntEnable                          0x00002a0a   Section        0  uart.o(i.UARTIntEnable)
    i.UARTIntStatus                          0x00002a12   Section        0  uart.o(i.UARTIntStatus)
    i.UARTStringGet                          0x00002a1c   Section        0  main.o(i.UARTStringGet)
    i.UARTStringPut                          0x00002a44   Section        0  main.o(i.UARTStringPut)
    i.UARTStringPutNonBlocking               0x00002a60   Section        0  main.o(i.UARTStringPutNonBlocking)
    i._is_digit                              0x00002a7c   Section        0  __printf_wp.o(i._is_digit)
    i.check_run                              0x00002a8a   Section        0  main.o(i.check_run)
    i.jingwei                                0x00002ac4   Section        0  main.o(i.jingwei)
    i.main                                   0x00002bc8   Section        0  main.o(i.main)
    i.push                                   0x00003134   Section        0  main.o(i.push)
    i.reset                                  0x000031bc   Section        0  main.o(i.reset)
    i.soundPWM                               0x0000347c   Section        0  main.o(i.soundPWM)
    x$fpl$fpinit                             0x000034b0   Section       10  fpinit.o(x$fpl$fpinit)
    $v0                                      0x000034b0   Number         0  fpinit.o(x$fpl$fpinit)
    .constdata                               0x000034bc   Section       40  main.o(.constdata)
    .constdata                               0x000034e4   Section      552  gpio.o(.constdata)
    g_ppui32GPIOIntMapBlizzard               0x000034e4   Data         192  gpio.o(.constdata)
    g_ppui32GPIOIntMapSnowflake              0x000035a4   Data         216  gpio.o(.constdata)
    g_pui32GPIOBaseAddrs                     0x0000367c   Data         144  gpio.o(.constdata)
    .constdata                               0x0000370c   Section      268  interrupt.o(.constdata)
    g_pui32Priority                          0x0000370c   Data          32  interrupt.o(.constdata)
    g_pui32Regs                              0x0000372c   Data         156  interrupt.o(.constdata)
    g_pui32EnRegs                            0x000037c8   Data          20  interrupt.o(.constdata)
    g_pui32Dii16Regs                         0x000037dc   Data          20  interrupt.o(.constdata)
    g_pui32PendRegs                          0x000037f0   Data          20  interrupt.o(.constdata)
    g_pui32UnpendRegs                        0x00003804   Data          20  interrupt.o(.constdata)
    .constdata                               0x00003818   Section      596  sysctl.o(.constdata)
    g_pui32VCOFrequencies                    0x00003818   Data           8  sysctl.o(.constdata)
    g_pui32Xtals                             0x00003820   Data         108  sysctl.o(.constdata)
    g_pppui32XTALtoVCO                       0x0000388c   Data         432  sysctl.o(.constdata)
    g_sXTALtoMEMTIM                          0x00003a3c   Data          48  sysctl.o(.constdata)
    .constdata                               0x00003a6c   Section       17  __printf_flags_wp.o(.constdata)
    maptable                                 0x00003a6c   Data          17  __printf_flags_wp.o(.constdata)
    .conststring                             0x00003a80   Section       85  main.o(.conststring)
    .data                                    0x20000000   Section      288  main.o(.data)
    .data                                    0x20000120   Section        4  system_tm4c129.o(.data)
    .bss                                     0x20000124   Section      460  main.o(.bss)
    .bss                                     0x200002f0   Section       96  libspace.o(.bss)
    HEAP                                     0x20000350   Section        0  startup_tm4c129.o(HEAP)
    STACK                                    0x20000350   Section      512  startup_tm4c129.o(STACK)
    Heap_Mem                                 0x20000350   Data           0  startup_tm4c129.o(HEAP)
    Stack_Mem                                0x20000350   Data         512  startup_tm4c129.o(STACK)
    __initial_sp                             0x20000550   Data           0  startup_tm4c129.o(STACK)

    Global Symbols

    Symbol Name                              Value     Ov Type        Size  Object(Section)

    BuildAttributes$$THM_ISAv4$E$P$D$K$B$S$7EM$VFPi3$EXTD16$VFPS$VFMA$PE$A:L22UL41UL21$X:L11$S22US41US21$IEEE1$IW$USESV6$~STKCKD$USESV7$~SHL$OTIME$ROPI$EBA8$UX$STANDARDLIB$REQ8$PRES8$EABIv2 0x00000000   Number         0  anon$$obj.o ABSOLUTE
    __ARM_use_no_argv                        0x00000000   Number         0  main.o ABSOLUTE
    __Vectors                                0x00000000   Data           4  startup_tm4c129.o(RESET)
    _printf_flags                            0x00000000   Number         0  printf_stubs.o ABSOLUTE
    _printf_return_value                     0x00000000   Number         0  printf_stubs.o ABSOLUTE
    _printf_sizespec                         0x00000000   Number         0  printf_stubs.o ABSOLUTE
    _printf_widthprec                        0x00000000   Number         0  printf_stubs.o ABSOLUTE
    __ARM_exceptions_init                     - Undefined Weak Reference
    __alloca_initialize                       - Undefined Weak Reference
    __arm_preinit_                            - Undefined Weak Reference
    __cpp_initialize__aeabi_                  - Undefined Weak Reference
    __cxa_finalize                            - Undefined Weak Reference
    __rt_locale                               - Undefined Weak Reference
    __sigvec_lookup                           - Undefined Weak Reference
    _atexit_init                              - Undefined Weak Reference
    _call_atexit_fns                          - Undefined Weak Reference
    _clock_init                               - Undefined Weak Reference
    _fp_trap_init                             - Undefined Weak Reference
    _fp_trap_shutdown                         - Undefined Weak Reference
    _get_lc_collate                           - Undefined Weak Reference
    _get_lc_ctype                             - Undefined Weak Reference
    _get_lc_monetary                          - Undefined Weak Reference
    _get_lc_numeric                           - Undefined Weak Reference
    _get_lc_time                              - Undefined Weak Reference
    _getenv_init                              - Undefined Weak Reference
    _handle_redirection                       - Undefined Weak Reference
    _init_alloc                               - Undefined Weak Reference
    _init_user_alloc                          - Undefined Weak Reference
    _initio                                   - Undefined Weak Reference
    _printf_mbtowc                            - Undefined Weak Reference
    _printf_truncate_signed                   - Undefined Weak Reference
    _printf_truncate_unsigned                 - Undefined Weak Reference
    _rand_init                                - Undefined Weak Reference
    _signal_finish                            - Undefined Weak Reference
    _signal_init                              - Undefined Weak Reference
    _terminate_alloc                          - Undefined Weak Reference
    _terminate_user_alloc                     - Undefined Weak Reference
    _terminateio                              - Undefined Weak Reference
    __Vectors_End                            0x00000200   Data           0  startup_tm4c129.o(RESET)
    __Vectors_Size                           0x00000200   Number         0  startup_tm4c129.o ABSOLUTE
    __main                                   0x00000201   Thumb Code     8  __main.o(!!!main)
    __scatterload                            0x00000209   Thumb Code     0  __scatter.o(!!!scatter)
    __scatterload_rt2                        0x00000209   Thumb Code    44  __scatter.o(!!!scatter)
    __scatterload_rt2_thumb_only             0x00000209   Thumb Code     0  __scatter.o(!!!scatter)
    __scatterload_null                       0x00000217   Thumb Code     0  __scatter.o(!!!scatter)
    __scatterload_copy                       0x0000023d   Thumb Code    26  __scatter_copy.o(!!handler_copy)
    __scatterload_zeroinit                   0x00000259   Thumb Code    28  __scatter_zi.o(!!handler_zi)
    _printf_percent                          0x00000275   Thumb Code     0  _printf_percent.o(.ARM.Collect$$_printf_percent$$00000000)
    _printf_u                                0x00000275   Thumb Code     0  _printf_u.o(.ARM.Collect$$_printf_percent$$0000000A)
    _printf_s                                0x0000027b   Thumb Code     0  _printf_s.o(.ARM.Collect$$_printf_percent$$00000014)
    _printf_percent_end                      0x00000281   Thumb Code     0  _printf_percent_end.o(.ARM.Collect$$_printf_percent$$00000017)
    __rt_lib_init                            0x00000285   Thumb Code     0  libinit.o(.ARM.Collect$$libinit$$00000000)
    __rt_lib_init_fp_1                       0x00000287   Thumb Code     0  libinit2.o(.ARM.Collect$$libinit$$00000001)
    __rt_lib_init_alloca_1                   0x0000028b   Thumb Code     0  libinit2.o(.ARM.Collect$$libinit$$0000002E)
    __rt_lib_init_argv_1                     0x0000028b   Thumb Code     0  libinit2.o(.ARM.Collect$$libinit$$0000002C)
    __rt_lib_init_atexit_1                   0x0000028b   Thumb Code     0  libinit2.o(.ARM.Collect$$libinit$$0000001B)
    __rt_lib_init_clock_1                    0x0000028b   Thumb Code     0  libinit2.o(.ARM.Collect$$libinit$$00000021)
    __rt_lib_init_cpp_1                      0x0000028b   Thumb Code     0  libinit2.o(.ARM.Collect$$libinit$$00000032)
    __rt_lib_init_exceptions_1               0x0000028b   Thumb Code     0  libinit2.o(.ARM.Collect$$libinit$$00000030)
    __rt_lib_init_fp_trap_1                  0x0000028b   Thumb Code     0  libinit2.o(.ARM.Collect$$libinit$$0000001F)
    __rt_lib_init_getenv_1                   0x0000028b   Thumb Code     0  libinit2.o(.ARM.Collect$$libinit$$00000023)
    __rt_lib_init_heap_1                     0x0000028b   Thumb Code     0  libinit2.o(.ARM.Collect$$libinit$$0000000A)
    __rt_lib_init_lc_collate_1               0x0000028b   Thumb Code     0  libinit2.o(.ARM.Collect$$libinit$$00000011)
    __rt_lib_init_lc_ctype_1                 0x0000028b   Thumb Code     0  libinit2.o(.ARM.Collect$$libinit$$00000013)
    __rt_lib_init_lc_monetary_1              0x0000028b   Thumb Code     0  libinit2.o(.ARM.Collect$$libinit$$00000015)
    __rt_lib_init_lc_numeric_1               0x0000028b   Thumb Code     0  libinit2.o(.ARM.Collect$$libinit$$00000017)
    __rt_lib_init_lc_time_1                  0x0000028b   Thumb Code     0  libinit2.o(.ARM.Collect$$libinit$$00000019)
    __rt_lib_init_preinit_1                  0x0000028b   Thumb Code     0  libinit2.o(.ARM.Collect$$libinit$$00000004)
    __rt_lib_init_rand_1                     0x0000028b   Thumb Code     0  libinit2.o(.ARM.Collect$$libinit$$0000000E)
    __rt_lib_init_return                     0x0000028b   Thumb Code     0  libinit2.o(.ARM.Collect$$libinit$$00000033)
    __rt_lib_init_signal_1                   0x0000028b   Thumb Code     0  libinit2.o(.ARM.Collect$$libinit$$0000001D)
    __rt_lib_init_stdio_1                    0x0000028b   Thumb Code     0  libinit2.o(.ARM.Collect$$libinit$$00000025)
    __rt_lib_init_user_alloc_1               0x0000028b   Thumb Code     0  libinit2.o(.ARM.Collect$$libinit$$0000000C)
    __rt_lib_shutdown                        0x0000028d   Thumb Code     0  libshutdown.o(.ARM.Collect$$libshutdown$$00000000)
    __rt_lib_shutdown_cpp_1                  0x0000028f   Thumb Code     0  libshutdown2.o(.ARM.Collect$$libshutdown$$00000002)
    __rt_lib_shutdown_fp_trap_1              0x0000028f   Thumb Code     0  libshutdown2.o(.ARM.Collect$$libshutdown$$00000007)
    __rt_lib_shutdown_heap_1                 0x0000028f   Thumb Code     0  libshutdown2.o(.ARM.Collect$$libshutdown$$0000000F)
    __rt_lib_shutdown_return                 0x0000028f   Thumb Code     0  libshutdown2.o(.ARM.Collect$$libshutdown$$00000010)
    __rt_lib_shutdown_signal_1               0x0000028f   Thumb Code     0  libshutdown2.o(.ARM.Collect$$libshutdown$$0000000A)
    __rt_lib_shutdown_stdio_1                0x0000028f   Thumb Code     0  libshutdown2.o(.ARM.Collect$$libshutdown$$00000004)
    __rt_lib_shutdown_user_alloc_1           0x0000028f   Thumb Code     0  libshutdown2.o(.ARM.Collect$$libshutdown$$0000000C)
    __rt_entry                               0x00000291   Thumb Code     0  __rtentry.o(.ARM.Collect$$rtentry$$00000000)
    __rt_entry_presh_1                       0x00000291   Thumb Code     0  __rtentry2.o(.ARM.Collect$$rtentry$$00000002)
    __rt_entry_sh                            0x00000291   Thumb Code     0  __rtentry4.o(.ARM.Collect$$rtentry$$00000004)
    __rt_entry_li                            0x00000297   Thumb Code     0  __rtentry2.o(.ARM.Collect$$rtentry$$0000000A)
    __rt_entry_postsh_1                      0x00000297   Thumb Code     0  __rtentry2.o(.ARM.Collect$$rtentry$$00000009)
    __rt_entry_main                          0x0000029b   Thumb Code     0  __rtentry2.o(.ARM.Collect$$rtentry$$0000000D)
    __rt_entry_postli_1                      0x0000029b   Thumb Code     0  __rtentry2.o(.ARM.Collect$$rtentry$$0000000C)
    __rt_exit                                0x000002a3   Thumb Code     0  rtexit.o(.ARM.Collect$$rtexit$$00000000)
    __rt_exit_ls                             0x000002a5   Thumb Code     0  rtexit2.o(.ARM.Collect$$rtexit$$00000003)
    __rt_exit_prels_1                        0x000002a5   Thumb Code     0  rtexit2.o(.ARM.Collect$$rtexit$$00000002)
    __rt_exit_exit                           0x000002a9   Thumb Code     0  rtexit2.o(.ARM.Collect$$rtexit$$00000004)
    SysCtlDelay                              0x000002b1   Thumb Code     6  sysctl.o(.emb_text)
    CPUcpsid                                 0x000002b9   Thumb Code     8  cpu.o(.emb_text)
    CPUprimask                               0x000002c1   Thumb Code     6  cpu.o(.emb_text)
    CPUcpsie                                 0x000002c7   Thumb Code     8  cpu.o(.emb_text)
    CPUwfi                                   0x000002cf   Thumb Code     4  cpu.o(.emb_text)
    CPUbasepriSet                            0x000002d3   Thumb Code     6  cpu.o(.emb_text)
    CPUbasepriGet                            0x000002d9   Thumb Code     6  cpu.o(.emb_text)
    Reset_Handler                            0x000002e1   Thumb Code     8  startup_tm4c129.o(.text)
    NMI_Handler                              0x000002e9   Thumb Code     2  startup_tm4c129.o(.text)
    HardFault_Handler                        0x000002eb   Thumb Code     2  startup_tm4c129.o(.text)
    MemManage_Handler                        0x000002ed   Thumb Code     2  startup_tm4c129.o(.text)
    BusFault_Handler                         0x000002ef   Thumb Code     2  startup_tm4c129.o(.text)
    UsageFault_Handler                       0x000002f1   Thumb Code     2  startup_tm4c129.o(.text)
    SVC_Handler                              0x000002f3   Thumb Code     2  startup_tm4c129.o(.text)
    DebugMon_Handler                         0x000002f5   Thumb Code     2  startup_tm4c129.o(.text)
    PendSV_Handler                           0x000002f7   Thumb Code     2  startup_tm4c129.o(.text)
    GPIOA_Handler                            0x000002fb   Thumb Code     2  startup_tm4c129.o(.text)
    GPIOB_Handler                            0x000002fd   Thumb Code     2  startup_tm4c129.o(.text)
    GPIOC_Handler                            0x000002ff   Thumb Code     2  startup_tm4c129.o(.text)
    GPIOD_Handler                            0x00000301   Thumb Code     2  startup_tm4c129.o(.text)
    GPIOE_Handler                            0x00000303   Thumb Code     2  startup_tm4c129.o(.text)
    UART1_Handler                            0x00000307   Thumb Code     2  startup_tm4c129.o(.text)
    SSI0_Handler                             0x00000309   Thumb Code     2  startup_tm4c129.o(.text)
    I2C0_Handler                             0x0000030b   Thumb Code     2  startup_tm4c129.o(.text)
    PMW0_FAULT_Handler                       0x0000030d   Thumb Code     2  startup_tm4c129.o(.text)
    PWM0_0_Handler                           0x0000030f   Thumb Code     2  startup_tm4c129.o(.text)
    PWM0_1_Handler                           0x00000311   Thumb Code     2  startup_tm4c129.o(.text)
    PWM0_2_Handler                           0x00000313   Thumb Code     2  startup_tm4c129.o(.text)
    QEI0_Handler                             0x00000315   Thumb Code     2  startup_tm4c129.o(.text)
    ADC0SS0_Handler                          0x00000317   Thumb Code     2  startup_tm4c129.o(.text)
    ADC0SS1_Handler                          0x00000319   Thumb Code     2  startup_tm4c129.o(.text)
    ADC0SS2_Handler                          0x0000031b   Thumb Code     2  startup_tm4c129.o(.text)
    ADC0SS3_Handler                          0x0000031d   Thumb Code     2  startup_tm4c129.o(.text)
    WDT0_Handler                             0x0000031f   Thumb Code     2  startup_tm4c129.o(.text)
    TIMER0A_Handler                          0x00000321   Thumb Code     2  startup_tm4c129.o(.text)
    TIMER0B_Handler                          0x00000323   Thumb Code     2  startup_tm4c129.o(.text)
    TIMER1A_Handler                          0x00000325   Thumb Code     2  startup_tm4c129.o(.text)
    TIMER1B_Handler                          0x00000327   Thumb Code     2  startup_tm4c129.o(.text)
    TIMER2A_Handler                          0x00000329   Thumb Code     2  startup_tm4c129.o(.text)
    TIMER2B_Handler                          0x0000032b   Thumb Code     2  startup_tm4c129.o(.text)
    COMP0_Handler                            0x0000032d   Thumb Code     2  startup_tm4c129.o(.text)
    COMP1_Handler                            0x0000032f   Thumb Code     2  startup_tm4c129.o(.text)
    COMP2_Handler                            0x00000331   Thumb Code     2  startup_tm4c129.o(.text)
    SYSCTL_Handler                           0x00000333   Thumb Code     2  startup_tm4c129.o(.text)
    FLASH_Handler                            0x00000335   Thumb Code     2  startup_tm4c129.o(.text)
    GPIOF_Handler                            0x00000337   Thumb Code     2  startup_tm4c129.o(.text)
    GPIOG_Handler                            0x00000339   Thumb Code     2  startup_tm4c129.o(.text)
    GPIOH_Handler                            0x0000033b   Thumb Code     2  startup_tm4c129.o(.text)
    UART2_Handler                            0x0000033d   Thumb Code     2  startup_tm4c129.o(.text)
    SSI1_Handler                             0x0000033f   Thumb Code     2  startup_tm4c129.o(.text)
    TIMER3A_Handler                          0x00000341   Thumb Code     2  startup_tm4c129.o(.text)
    TIMER3B_Handler                          0x00000343   Thumb Code     2  startup_tm4c129.o(.text)
    I2C1_Handler                             0x00000345   Thumb Code     2  startup_tm4c129.o(.text)
    CAN0_Handler                             0x00000347   Thumb Code     2  startup_tm4c129.o(.text)
    CAN1_Handler                             0x00000349   Thumb Code     2  startup_tm4c129.o(.text)
    ETH_Handler                              0x0000034b   Thumb Code     2  startup_tm4c129.o(.text)
    HIB_Handler                              0x0000034d   Thumb Code     2  startup_tm4c129.o(.text)
    USB0_Handler                             0x0000034f   Thumb Code     2  startup_tm4c129.o(.text)
    PWM0_3_Handler                           0x00000351   Thumb Code     2  startup_tm4c129.o(.text)
    UDMA_Handler                             0x00000353   Thumb Code     2  startup_tm4c129.o(.text)
    UDMAERR_Handler                          0x00000355   Thumb Code     2  startup_tm4c129.o(.text)
    ADC1SS0_Handler                          0x00000357   Thumb Code     2  startup_tm4c129.o(.text)
    ADC1SS1_Handler                          0x00000359   Thumb Code     2  startup_tm4c129.o(.text)
    ADC1SS2_Handler                          0x0000035b   Thumb Code     2  startup_tm4c129.o(.text)
    ADC1SS3_Handler                          0x0000035d   Thumb Code     2  startup_tm4c129.o(.text)
    EBI0_Handler                             0x0000035f   Thumb Code     2  startup_tm4c129.o(.text)
    GPIOJ_Handler                            0x00000361   Thumb Code     2  startup_tm4c129.o(.text)
    GPIOK_Handler                            0x00000363   Thumb Code     2  startup_tm4c129.o(.text)
    GPIOL_Handler                            0x00000365   Thumb Code     2  startup_tm4c129.o(.text)
    SSI2_Handler                             0x00000367   Thumb Code     2  startup_tm4c129.o(.text)
    SSI3_Handler                             0x00000369   Thumb Code     2  startup_tm4c129.o(.text)
    UART3_Handler                            0x0000036b   Thumb Code     2  startup_tm4c129.o(.text)
    UART4_Handler                            0x0000036d   Thumb Code     2  startup_tm4c129.o(.text)
    UART5_Handler                            0x0000036f   Thumb Code     2  startup_tm4c129.o(.text)
    UART6_Handler                            0x00000371   Thumb Code     2  startup_tm4c129.o(.text)
    UART7_Handler                            0x00000373   Thumb Code     2  startup_tm4c129.o(.text)
    I2C2_Handler                             0x00000375   Thumb Code     2  startup_tm4c129.o(.text)
    I2C3_Handler                             0x00000377   Thumb Code     2  startup_tm4c129.o(.text)
    TIMER4A_Handler                          0x00000379   Thumb Code     2  startup_tm4c129.o(.text)
    TIMER4B_Handler                          0x0000037b   Thumb Code     2  startup_tm4c129.o(.text)
    TIMER5A_Handler                          0x0000037d   Thumb Code     2  startup_tm4c129.o(.text)
    TIMER5B_Handler                          0x0000037f   Thumb Code     2  startup_tm4c129.o(.text)
    WTIMER0A_Handler                         0x00000381   Thumb Code     2  startup_tm4c129.o(.text)
    WTIMER0B_Handler                         0x00000383   Thumb Code     2  startup_tm4c129.o(.text)
    WTIMER1A_Handler                         0x00000385   Thumb Code     2  startup_tm4c129.o(.text)
    WTIMER1B_Handler                         0x00000387   Thumb Code     2  startup_tm4c129.o(.text)
    WTIMER2A_Handler                         0x00000389   Thumb Code     2  startup_tm4c129.o(.text)
    WTIMER2B_Handler                         0x0000038b   Thumb Code     2  startup_tm4c129.o(.text)
    WTIMER3A_Handler                         0x0000038d   Thumb Code     2  startup_tm4c129.o(.text)
    WTIMER3B_Handler                         0x0000038f   Thumb Code     2  startup_tm4c129.o(.text)
    WTIMER4A_Handler                         0x00000391   Thumb Code     2  startup_tm4c129.o(.text)
    WTIMER4B_Handler                         0x00000393   Thumb Code     2  startup_tm4c129.o(.text)
    WTIMER5A_Handler                         0x00000395   Thumb Code     2  startup_tm4c129.o(.text)
    WTIMER5B_Handler                         0x00000397   Thumb Code     2  startup_tm4c129.o(.text)
    FPU_Handler                              0x00000399   Thumb Code     2  startup_tm4c129.o(.text)
    I2C4_Handler                             0x0000039b   Thumb Code     2  startup_tm4c129.o(.text)
    I2C5_Handler                             0x0000039d   Thumb Code     2  startup_tm4c129.o(.text)
    GPIOM_Handler                            0x0000039f   Thumb Code     2  startup_tm4c129.o(.text)
    GPION_Handler                            0x000003a1   Thumb Code     2  startup_tm4c129.o(.text)
    TAMPER_Handler                           0x000003a3   Thumb Code     2  startup_tm4c129.o(.text)
    GPIOP0_Handler                           0x000003a5   Thumb Code     2  startup_tm4c129.o(.text)
    GPIOP1_Handler                           0x000003a7   Thumb Code     2  startup_tm4c129.o(.text)
    GPIOP2_Handler                           0x000003a9   Thumb Code     2  startup_tm4c129.o(.text)
    GPIOP3_Handler                           0x000003ab   Thumb Code     2  startup_tm4c129.o(.text)
    GPIOP4_Handler                           0x000003ad   Thumb Code     2  startup_tm4c129.o(.text)
    GPIOP5_Handler                           0x000003af   Thumb Code     2  startup_tm4c129.o(.text)
    GPIOP6_Handler                           0x000003b1   Thumb Code     2  startup_tm4c129.o(.text)
    GPIOP7_Handler                           0x000003b3   Thumb Code     2  startup_tm4c129.o(.text)
    GPIOQ0_Handler                           0x000003b5   Thumb Code     2  startup_tm4c129.o(.text)
    GPIOQ1_Handler                           0x000003b7   Thumb Code     2  startup_tm4c129.o(.text)
    GPIOQ2_Handler                           0x000003b9   Thumb Code     2  startup_tm4c129.o(.text)
    GPIOQ3_Handler                           0x000003bb   Thumb Code     2  startup_tm4c129.o(.text)
    GPIOQ4_Handler                           0x000003bd   Thumb Code     2  startup_tm4c129.o(.text)
    GPIOQ5_Handler                           0x000003bf   Thumb Code     2  startup_tm4c129.o(.text)
    GPIOQ6_Handler                           0x000003c1   Thumb Code     2  startup_tm4c129.o(.text)
    GPIOQ7_Handler                           0x000003c3   Thumb Code     2  startup_tm4c129.o(.text)
    GPIOR_Handler                            0x000003c5   Thumb Code     2  startup_tm4c129.o(.text)
    GPIOS_Handler                            0x000003c7   Thumb Code     2  startup_tm4c129.o(.text)
    SHAMD5_Handler                           0x000003c9   Thumb Code     2  startup_tm4c129.o(.text)
    AES_Handler                              0x000003cb   Thumb Code     2  startup_tm4c129.o(.text)
    DES3DES_Handler                          0x000003cd   Thumb Code     2  startup_tm4c129.o(.text)
    LCDCONTROLLER_Handler                    0x000003cf   Thumb Code     2  startup_tm4c129.o(.text)
    TIMER6A_Handler                          0x000003d1   Thumb Code     2  startup_tm4c129.o(.text)
    TIMER6B_Handler                          0x000003d3   Thumb Code     2  startup_tm4c129.o(.text)
    TIMER7A_Handler                          0x000003d5   Thumb Code     2  startup_tm4c129.o(.text)
    TIMER7B_Handler                          0x000003d7   Thumb Code     2  startup_tm4c129.o(.text)
    I2C6_Handler                             0x000003d9   Thumb Code     2  startup_tm4c129.o(.text)
    I2C7_Handler                             0x000003db   Thumb Code     2  startup_tm4c129.o(.text)
    HIMSCANKEYBOARD_Handler                  0x000003dd   Thumb Code     2  startup_tm4c129.o(.text)
    ONEWIRE_Handler                          0x000003df   Thumb Code     2  startup_tm4c129.o(.text)
    HIMPS2_Handler                           0x000003e1   Thumb Code     2  startup_tm4c129.o(.text)
    HIMLEDSEQUENCER_Handler                  0x000003e3   Thumb Code     2  startup_tm4c129.o(.text)
    HIMCONSUMERIR_Handler                    0x000003e5   Thumb Code     2  startup_tm4c129.o(.text)
    I2C8_Handler                             0x000003e7   Thumb Code     2  startup_tm4c129.o(.text)
    I2C9_Handler                             0x000003e9   Thumb Code     2  startup_tm4c129.o(.text)
    GPIOT_Handler                            0x000003eb   Thumb Code     2  startup_tm4c129.o(.text)
    __user_initial_stackheap                 0x000003ed   Thumb Code     0  startup_tm4c129.o(.text)
    __2sprintf                               0x0000040d   Thumb Code    34  noretval__2sprintf.o(.text)
    _printf_pre_padding                      0x00000435   Thumb Code    44  _printf_pad.o(.text)
    _printf_post_padding                     0x00000461   Thumb Code    34  _printf_pad.o(.text)
    _printf_str                              0x00000483   Thumb Code    82  _printf_str.o(.text)
    _printf_int_dec                          0x000004d5   Thumb Code   104  _printf_dec.o(.text)
    __printf                                 0x0000054d   Thumb Code   308  __printf_flags_wp.o(.text)
    strlen                                   0x00000685   Thumb Code    62  strlen.o(.text)
    __aeabi_memcpy4                          0x000006c3   Thumb Code     0  rt_memcpy_w.o(.text)
    __aeabi_memcpy8                          0x000006c3   Thumb Code     0  rt_memcpy_w.o(.text)
    __rt_memcpy_w                            0x000006c3   Thumb Code   100  rt_memcpy_w.o(.text)
    _memcpy_lastbytes_aligned                0x0000070b   Thumb Code     0  rt_memcpy_w.o(.text)
    __aeabi_memclr4                          0x00000727   Thumb Code     0  rt_memclr_w.o(.text)
    __aeabi_memclr8                          0x00000727   Thumb Code     0  rt_memclr_w.o(.text)
    __rt_memclr_w                            0x00000727   Thumb Code    78  rt_memclr_w.o(.text)
    _memset_w                                0x0000072b   Thumb Code     0  rt_memclr_w.o(.text)
    strcmp                                   0x00000775   Thumb Code   128  strcmpv7m.o(.text)
    __use_two_region_memory                  0x000007f5   Thumb Code     2  heapauxi.o(.text)
    __rt_heap_escrow$2region                 0x000007f7   Thumb Code     2  heapauxi.o(.text)
    __rt_heap_expand$2region                 0x000007f9   Thumb Code     2  heapauxi.o(.text)
    _printf_int_common                       0x000007fb   Thumb Code   178  _printf_intcommon.o(.text)
    _printf_char_common                      0x000008b7   Thumb Code    32  _printf_char_common.o(.text)
    _sputc                                   0x000008dd   Thumb Code    10  _sputc.o(.text)
    _printf_cs_common                        0x000008e7   Thumb Code    20  _printf_char.o(.text)
    _printf_char                             0x000008fb   Thumb Code    16  _printf_char.o(.text)
    _printf_string                           0x0000090b   Thumb Code     8  _printf_char.o(.text)
    __user_setup_stackheap                   0x00000913   Thumb Code    74  sys_stackheap_outer.o(.text)
    exit                                     0x0000095d   Thumb Code    18  exit.o(.text)
    __user_libspace                          0x00000971   Thumb Code     8  libspace.o(.text)
    __user_perproc_libspace                  0x00000971   Thumb Code     0  libspace.o(.text)
    __user_perthread_libspace                0x00000971   Thumb Code     0  libspace.o(.text)
    _sys_exit                                0x00000979   Thumb Code     8  sys_exit.o(.text)
    __I$use$semihosting                      0x00000985   Thumb Code     0  use_no_semi.o(.text)
    __use_no_semihosting_swi                 0x00000985   Thumb Code     2  use_no_semi.o(.text)
    __semihosting_library_function           0x00000987   Thumb Code     0  indicate_semi.o(.text)
    ALARM_CALL                               0x00000989   Thumb Code   122  main.o(i.ALARM_CALL)
    Delay                                    0x00000a1d   Thumb Code    12  main.o(i.Delay)
    DisplayAlarm                             0x00000a29   Thumb Code   234  main.o(i.DisplayAlarm)
    DisplayDate                              0x00000b2d   Thumb Code   234  main.o(i.DisplayDate)
    DisplayDate_left                         0x00000c31   Thumb Code   238  main.o(i.DisplayDate_left)
    DisplayDate_right                        0x00000d3d   Thumb Code   236  main.o(i.DisplayDate_right)
    DisplayTime                              0x00000e45   Thumb Code   234  main.o(i.DisplayTime)
    DisplayTime_left                         0x00000f49   Thumb Code   238  main.o(i.DisplayTime_left)
    DisplayTime_right                        0x00001055   Thumb Code   236  main.o(i.DisplayTime_right)
    EEPROMInit                               0x0000115d   Thumb Code    60  eeprom.o(i.EEPROMInit)
    EEPROMProgram                            0x000011a1   Thumb Code   334  eeprom.o(i.EEPROMProgram)
    EEPROMRead                               0x00001305   Thumb Code    48  eeprom.o(i.EEPROMRead)
    GPIODirModeSet                           0x00001339   Thumb Code    40  gpio.o(i.GPIODirModeSet)
    GPIOPadConfigSet                         0x00001361   Thumb Code   312  gpio.o(i.GPIOPadConfigSet)
    GPIOPinConfigure                         0x00001499   Thumb Code    60  gpio.o(i.GPIOPinConfigure)
    GPIOPinRead                              0x000014dd   Thumb Code     6  gpio.o(i.GPIOPinRead)
    GPIOPinTypeGPIOInput                     0x000014e3   Thumb Code    28  gpio.o(i.GPIOPinTypeGPIOInput)
    GPIOPinTypeGPIOOutput                    0x000014ff   Thumb Code    28  gpio.o(i.GPIOPinTypeGPIOOutput)
    GPIOPinTypeI2C                           0x0000151b   Thumb Code    28  gpio.o(i.GPIOPinTypeI2C)
    GPIOPinTypeI2CSCL                        0x00001537   Thumb Code    28  gpio.o(i.GPIOPinTypeI2CSCL)
    GPIOPinTypePWM                           0x00001553   Thumb Code    28  gpio.o(i.GPIOPinTypePWM)
    GPIOPinTypeUART                          0x0000156f   Thumb Code    28  gpio.o(i.GPIOPinTypeUART)
    GPIOPinWrite                             0x0000158b   Thumb Code     6  gpio.o(i.GPIOPinWrite)
    I2C0_ReadByte                            0x00001591   Thumb Code   122  main.o(i.I2C0_ReadByte)
    I2C0_WriteByte                           0x00001611   Thumb Code   110  main.o(i.I2C0_WriteByte)
    I2CMasterBusBusy                         0x00001685   Thumb Code    12  i2c.o(i.I2CMasterBusBusy)
    I2CMasterBusy                            0x00001691   Thumb Code    12  i2c.o(i.I2CMasterBusy)
    I2CMasterControl                         0x0000169d   Thumb Code     4  i2c.o(i.I2CMasterControl)
    I2CMasterDataGet                         0x000016a1   Thumb Code     4  i2c.o(i.I2CMasterDataGet)
    I2CMasterDataPut                         0x000016a5   Thumb Code     4  i2c.o(i.I2CMasterDataPut)
    I2CMasterEnable                          0x000016a9   Thumb Code    10  i2c.o(i.I2CMasterEnable)
    I2CMasterErr                             0x000016b3   Thumb Code    24  i2c.o(i.I2CMasterErr)
    I2CMasterInitExpClk                      0x000016cd   Thumb Code    72  i2c.o(i.I2CMasterInitExpClk)
    I2CMasterSlaveAddrSet                    0x00001721   Thumb Code     8  i2c.o(i.I2CMasterSlaveAddrSet)
    INIT_CLOCK                               0x00001729   Thumb Code    52  main.o(i.INIT_CLOCK)
    IntEnable                                0x00001781   Thumb Code    92  interrupt.o(i.IntEnable)
    IntMasterEnable                          0x000017e5   Thumb Code    14  interrupt.o(i.IntMasterEnable)
    PWMClockSet                              0x000017f3   Thumb Code    20  pwm.o(i.PWMClockSet)
    PWMGenConfigure                          0x00001807   Thumb Code    38  pwm.o(i.PWMGenConfigure)
    PWMGenEnable                             0x0000182d   Thumb Code    10  pwm.o(i.PWMGenEnable)
    PWMGenPeriodSet                          0x00001837   Thumb Code    18  pwm.o(i.PWMGenPeriodSet)
    PWMOutputState                           0x00001849   Thumb Code    16  pwm.o(i.PWMOutputState)
    PWMPulseWidthSet                         0x00001859   Thumb Code    32  pwm.o(i.PWMPulseWidthSet)
    PWM_Init                                 0x00001879   Thumb Code    96  main.o(i.PWM_Init)
    S800_GPIO_Init                           0x000018ed   Thumb Code   110  main.o(i.S800_GPIO_Init)
    S800_I2C0_Init                           0x0000196d   Thumb Code   122  main.o(i.S800_I2C0_Init)
    S800_UART_Init                           0x00001a05   Thumb Code    84  main.o(i.S800_UART_Init)
    SysCtlClockFreqSet                       0x00001a85   Thumb Code   706  sysctl.o(i.SysCtlClockFreqSet)
    SysCtlPeripheralEnable                   0x00001d71   Thumb Code    36  sysctl.o(i.SysCtlPeripheralEnable)
    SysCtlPeripheralReady                    0x00001d99   Thumb Code    40  sysctl.o(i.SysCtlPeripheralReady)
    SysCtlPeripheralReset                    0x00001dc5   Thumb Code    56  sysctl.o(i.SysCtlPeripheralReset)
    SysTickEnable                            0x00001e01   Thumb Code    14  systick.o(i.SysTickEnable)
    SysTickIntEnable                         0x00001e0f   Thumb Code    14  systick.o(i.SysTickIntEnable)
    SysTickPeriodSet                         0x00001e1d   Thumb Code    10  systick.o(i.SysTickPeriodSet)
    SysTick_Handler                          0x00001e29   Thumb Code   380  main.o(i.SysTick_Handler)
    SystemInit                               0x00002019   Thumb Code    20  system_tm4c129.o(i.SystemInit)
    UART0_Handler                            0x00002039   Thumb Code  2166  main.o(i.UART0_Handler)
    UARTCharGet                              0x00002961   Thumb Code    12  uart.o(i.UARTCharGet)
    UARTCharPut                              0x0000296d   Thumb Code    12  uart.o(i.UARTCharPut)
    UARTCharPutNonBlocking                   0x00002979   Thumb Code    16  uart.o(i.UARTCharPutNonBlocking)
    UARTCharsAvail                           0x00002989   Thumb Code    10  uart.o(i.UARTCharsAvail)
    UARTConfigSetExpClk                      0x00002993   Thumb Code   110  uart.o(i.UARTConfigSetExpClk)
    UARTFIFOLevelSet                         0x00002a01   Thumb Code     6  uart.o(i.UARTFIFOLevelSet)
    UARTIntClear                             0x00002a07   Thumb Code     4  uart.o(i.UARTIntClear)
    UARTIntEnable                            0x00002a0b   Thumb Code     8  uart.o(i.UARTIntEnable)
    UARTIntStatus                            0x00002a13   Thumb Code    10  uart.o(i.UARTIntStatus)
    UARTStringGet                            0x00002a1d   Thumb Code    40  main.o(i.UARTStringGet)
    UARTStringPut                            0x00002a45   Thumb Code    24  main.o(i.UARTStringPut)
    UARTStringPutNonBlocking                 0x00002a61   Thumb Code    24  main.o(i.UARTStringPutNonBlocking)
    _is_digit                                0x00002a7d   Thumb Code    14  __printf_wp.o(i._is_digit)
    check_run                                0x00002a8b   Thumb Code    58  main.o(i.check_run)
    jingwei                                  0x00002ac5   Thumb Code   232  main.o(i.jingwei)
    main                                     0x00002bc9   Thumb Code  1364  main.o(i.main)
    push                                     0x00003135   Thumb Code   118  main.o(i.push)
    reset                                    0x000031bd   Thumb Code   634  main.o(i.reset)
    soundPWM                                 0x0000347d   Thumb Code    46  main.o(i.soundPWM)
    _fp_init                                 0x000034b1   Thumb Code    10  fpinit.o(x$fpl$fpinit)
    __fplib_config_fpu_vfp                   0x000034b9   Thumb Code     0  fpinit.o(x$fpl$fpinit)
    __fplib_config_pureend_doubles           0x000034b9   Thumb Code     0  fpinit.o(x$fpl$fpinit)
    Region$$Table$$Base                      0x00003ad8   Number         0  anon$$obj.o(Region$$Table)
    Region$$Table$$Limit                     0x00003af8   Number         0  anon$$obj.o(Region$$Table)
    systick_10ms_couter                      0x20000000   Data           2  main.o(.data)
    systick_100ms_couter                     0x20000002   Data           2  main.o(.data)
    systick_10ms_status                      0x20000004   Data           1  main.o(.data)
    systick_100ms_status                     0x20000005   Data           1  main.o(.data)
    result                                   0x20000006   Data           1  main.o(.data)
    cnt                                      0x20000007   Data           1  main.o(.data)
    key_value                                0x20000008   Data           1  main.o(.data)
    gpio_status                              0x20000009   Data           1  main.o(.data)
    rightshift                               0x2000000a   Data           1  main.o(.data)
    rightshift1                              0x2000000b   Data           1  main.o(.data)
    Flag_time                                0x2000000c   Data           1  main.o(.data)
    Flag_time1                               0x2000000d   Data           1  main.o(.data)
    Flag_date                                0x2000000e   Data           1  main.o(.data)
    ui32SysClock                             0x20000010   Data           4  main.o(.data)
    seg7                                     0x20000014   Data          17  main.o(.data)
    seg_7                                    0x20000025   Data          16  main.o(.data)
    led7                                     0x20000035   Data           8  main.o(.data)
    ledlight                                 0x2000003d   Data           8  main.o(.data)
    name                                     0x20000045   Data           8  main.o(.data)
    month_num                                0x20000050   Data          48  main.o(.data)
    year                                     0x20000080   Data           1  main.o(.data)
    month                                    0x20000081   Data           1  main.o(.data)
    day                                      0x20000082   Data           1  main.o(.data)
    hour                                     0x20000083   Data           1  main.o(.data)
    minute                                   0x20000084   Data           1  main.o(.data)
    second                                   0x20000085   Data           1  main.o(.data)
    alarm_hour                               0x20000086   Data           1  main.o(.data)
    alarm_minute                             0x20000087   Data           1  main.o(.data)
    alarm_second                             0x20000088   Data           1  main.o(.data)
    ui32EEPROMInit                           0x2000008c   Data           4  main.o(.data)
    func                                     0x20000090   Data           4  main.o(.data)
    Delay_time_date                          0x20000094   Data           4  main.o(.data)
    Delay_time_time                          0x20000098   Data           4  main.o(.data)
    Delay_time_alarm                         0x2000009c   Data           4  main.o(.data)
    temp_hour                                0x200000a0   Data           4  main.o(.data)
    temp_minute                              0x200000a4   Data           4  main.o(.data)
    temp_second                              0x200000a8   Data           4  main.o(.data)
    temp_year                                0x200000ac   Data           4  main.o(.data)
    temp_month                               0x200000b0   Data           4  main.o(.data)
    temp_day                                 0x200000b4   Data           4  main.o(.data)
    temp_alarm_hour                          0x200000b8   Data           4  main.o(.data)
    temp_alarm_minute                        0x200000bc   Data           4  main.o(.data)
    temp_alarm_second                        0x200000c0   Data           4  main.o(.data)
    Count_time                               0x200000c4   Data           4  main.o(.data)
    speed1                                   0x200000c8   Data           4  main.o(.data)
    speed2                                   0x200000cc   Data           4  main.o(.data)
    speed                                    0x200000d0   Data           4  main.o(.data)
    uart_receive_char                        0x200000d4   Data           1  main.o(.data)
    rx_flag                                  0x200000d5   Data           1  main.o(.data)
    opening                                  0x200000d8   Data          40  main.o(.data)
    uart_receive_string                      0x20000100   Data           4  main.o(.data)
    KEY1                                     0x20000104   Data           4  main.o(.data)
    KEY2                                     0x20000108   Data           4  main.o(.data)
    KEY_Init                                 0x2000010c   Data           4  main.o(.data)
    KEY_get_time                             0x20000110   Data           4  main.o(.data)
    KEY_get_date                             0x20000114   Data           4  main.o(.data)
    KEY_set_time                             0x20000118   Data           4  main.o(.data)
    KEY_set_date                             0x2000011c   Data           4  main.o(.data)
    SystemCoreClock                          0x20000120   Data           4  system_tm4c129.o(.data)
    s_time                                   0x20000124   Data          40  main.o(.bss)
    r_time                                   0x2000014c   Data          40  main.o(.bss)
    show_time                                0x20000174   Data          40  main.o(.bss)
    show_date                                0x2000019c   Data          40  main.o(.bss)
    RxBuf                                    0x200001c4   Data         100  main.o(.bss)
    Out                                      0x20000228   Data         100  main.o(.bss)
    standard                                 0x2000028c   Data         100  main.o(.bss)
    __libspace_start                         0x200002f0   Data          96  libspace.o(.bss)
    __temporary_stack_top$libspace           0x20000350   Data           0  libspace.o(.bss)



==============================================================================

Memory Map of the image

  Image Entry point : 0x00000201

  Load Region LR_IROM1 (Base: 0x00000000, Size: 0x00003c1c, Max: 0x00100000, ABSOLUTE)

    Execution Region ER_IROM1 (Exec base: 0x00000000, Load base: 0x00000000, Size: 0x00003af8, Max: 0x00100000, ABSOLUTE)

    Exec Addr    Load Addr    Size         Type   Attr      Idx    E Section Name        Object

    0x00000000   0x00000000   0x00000200   Data   RO          238    RESET               startup_tm4c129.o
    0x00000200   0x00000200   0x00000008   Code   RO         2202  * !!!main             c_w.l(__main.o)
    0x00000208   0x00000208   0x00000034   Code   RO         2370    !!!scatter          c_w.l(__scatter.o)
    0x0000023c   0x0000023c   0x0000001a   Code   RO         2372    !!handler_copy      c_w.l(__scatter_copy.o)
    0x00000256   0x00000256   0x00000002   PAD
    0x00000258   0x00000258   0x0000001c   Code   RO         2374    !!handler_zi        c_w.l(__scatter_zi.o)
    0x00000274   0x00000274   0x00000000   Code   RO         2191    .ARM.Collect$$_printf_percent$$00000000  c_w.l(_printf_percent.o)
    0x00000274   0x00000274   0x00000006   Code   RO         2190    .ARM.Collect$$_printf_percent$$0000000A  c_w.l(_printf_u.o)
    0x0000027a   0x0000027a   0x00000006   Code   RO         2189    .ARM.Collect$$_printf_percent$$00000014  c_w.l(_printf_s.o)
    0x00000280   0x00000280   0x00000004   Code   RO         2213    .ARM.Collect$$_printf_percent$$00000017  c_w.l(_printf_percent_end.o)
    0x00000284   0x00000284   0x00000002   Code   RO         2240    .ARM.Collect$$libinit$$00000000  c_w.l(libinit.o)
    0x00000286   0x00000286   0x00000004   Code   RO         2246    .ARM.Collect$$libinit$$00000001  c_w.l(libinit2.o)
    0x0000028a   0x0000028a   0x00000000   Code   RO         2249    .ARM.Collect$$libinit$$00000004  c_w.l(libinit2.o)
    0x0000028a   0x0000028a   0x00000000   Code   RO         2252    .ARM.Collect$$libinit$$0000000A  c_w.l(libinit2.o)
    0x0000028a   0x0000028a   0x00000000   Code   RO         2254    .ARM.Collect$$libinit$$0000000C  c_w.l(libinit2.o)
    0x0000028a   0x0000028a   0x00000000   Code   RO         2256    .ARM.Collect$$libinit$$0000000E  c_w.l(libinit2.o)
    0x0000028a   0x0000028a   0x00000000   Code   RO         2259    .ARM.Collect$$libinit$$00000011  c_w.l(libinit2.o)
    0x0000028a   0x0000028a   0x00000000   Code   RO         2261    .ARM.Collect$$libinit$$00000013  c_w.l(libinit2.o)
    0x0000028a   0x0000028a   0x00000000   Code   RO         2263    .ARM.Collect$$libinit$$00000015  c_w.l(libinit2.o)
    0x0000028a   0x0000028a   0x00000000   Code   RO         2265    .ARM.Collect$$libinit$$00000017  c_w.l(libinit2.o)
    0x0000028a   0x0000028a   0x00000000   Code   RO         2267    .ARM.Collect$$libinit$$00000019  c_w.l(libinit2.o)
    0x0000028a   0x0000028a   0x00000000   Code   RO         2269    .ARM.Collect$$libinit$$0000001B  c_w.l(libinit2.o)
    0x0000028a   0x0000028a   0x00000000   Code   RO         2271    .ARM.Collect$$libinit$$0000001D  c_w.l(libinit2.o)
    0x0000028a   0x0000028a   0x00000000   Code   RO         2273    .ARM.Collect$$libinit$$0000001F  c_w.l(libinit2.o)
    0x0000028a   0x0000028a   0x00000000   Code   RO         2275    .ARM.Collect$$libinit$$00000021  c_w.l(libinit2.o)
    0x0000028a   0x0000028a   0x00000000   Code   RO         2277    .ARM.Collect$$libinit$$00000023  c_w.l(libinit2.o)
    0x0000028a   0x0000028a   0x00000000   Code   RO         2279    .ARM.Collect$$libinit$$00000025  c_w.l(libinit2.o)
    0x0000028a   0x0000028a   0x00000000   Code   RO         2283    .ARM.Collect$$libinit$$0000002C  c_w.l(libinit2.o)
    0x0000028a   0x0000028a   0x00000000   Code   RO         2285    .ARM.Collect$$libinit$$0000002E  c_w.l(libinit2.o)
    0x0000028a   0x0000028a   0x00000000   Code   RO         2287    .ARM.Collect$$libinit$$00000030  c_w.l(libinit2.o)
    0x0000028a   0x0000028a   0x00000000   Code   RO         2289    .ARM.Collect$$libinit$$00000032  c_w.l(libinit2.o)
    0x0000028a   0x0000028a   0x00000002   Code   RO         2290    .ARM.Collect$$libinit$$00000033  c_w.l(libinit2.o)
    0x0000028c   0x0000028c   0x00000002   Code   RO         2310    .ARM.Collect$$libshutdown$$00000000  c_w.l(libshutdown.o)
    0x0000028e   0x0000028e   0x00000000   Code   RO         2323    .ARM.Collect$$libshutdown$$00000002  c_w.l(libshutdown2.o)
    0x0000028e   0x0000028e   0x00000000   Code   RO         2325    .ARM.Collect$$libshutdown$$00000004  c_w.l(libshutdown2.o)
    0x0000028e   0x0000028e   0x00000000   Code   RO         2328    .ARM.Collect$$libshutdown$$00000007  c_w.l(libshutdown2.o)
    0x0000028e   0x0000028e   0x00000000   Code   RO         2331    .ARM.Collect$$libshutdown$$0000000A  c_w.l(libshutdown2.o)
    0x0000028e   0x0000028e   0x00000000   Code   RO         2333    .ARM.Collect$$libshutdown$$0000000C  c_w.l(libshutdown2.o)
    0x0000028e   0x0000028e   0x00000000   Code   RO         2336    .ARM.Collect$$libshutdown$$0000000F  c_w.l(libshutdown2.o)
    0x0000028e   0x0000028e   0x00000002   Code   RO         2337    .ARM.Collect$$libshutdown$$00000010  c_w.l(libshutdown2.o)
    0x00000290   0x00000290   0x00000000   Code   RO         2204    .ARM.Collect$$rtentry$$00000000  c_w.l(__rtentry.o)
    0x00000290   0x00000290   0x00000000   Code   RO         2215    .ARM.Collect$$rtentry$$00000002  c_w.l(__rtentry2.o)
    0x00000290   0x00000290   0x00000006   Code   RO         2227    .ARM.Collect$$rtentry$$00000004  c_w.l(__rtentry4.o)
    0x00000296   0x00000296   0x00000000   Code   RO         2217    .ARM.Collect$$rtentry$$00000009  c_w.l(__rtentry2.o)
    0x00000296   0x00000296   0x00000004   Code   RO         2218    .ARM.Collect$$rtentry$$0000000A  c_w.l(__rtentry2.o)
    0x0000029a   0x0000029a   0x00000000   Code   RO         2220    .ARM.Collect$$rtentry$$0000000C  c_w.l(__rtentry2.o)
    0x0000029a   0x0000029a   0x00000008   Code   RO         2221    .ARM.Collect$$rtentry$$0000000D  c_w.l(__rtentry2.o)
    0x000002a2   0x000002a2   0x00000002   Code   RO         2244    .ARM.Collect$$rtexit$$00000000  c_w.l(rtexit.o)
    0x000002a4   0x000002a4   0x00000000   Code   RO         2292    .ARM.Collect$$rtexit$$00000002  c_w.l(rtexit2.o)
    0x000002a4   0x000002a4   0x00000004   Code   RO         2293    .ARM.Collect$$rtexit$$00000003  c_w.l(rtexit2.o)
    0x000002a8   0x000002a8   0x00000006   Code   RO         2294    .ARM.Collect$$rtexit$$00000004  c_w.l(rtexit2.o)
    0x000002ae   0x000002ae   0x00000002   PAD
    0x000002b0   0x000002b0   0x00000006   Code   RO         1445    .emb_text           driverlib.lib(sysctl.o)
    0x000002b6   0x000002b6   0x00000002   PAD
    0x000002b8   0x000002b8   0x00000026   Code   RO         2145    .emb_text           driverlib.lib(cpu.o)
    0x000002de   0x000002de   0x00000002   PAD
    0x000002e0   0x000002e0   0x0000012c   Code   RO          239    .text               startup_tm4c129.o
    0x0000040c   0x0000040c   0x00000028   Code   RO         2159    .text               c_w.l(noretval__2sprintf.o)
    0x00000434   0x00000434   0x0000004e   Code   RO         2163    .text               c_w.l(_printf_pad.o)
    0x00000482   0x00000482   0x00000052   Code   RO         2165    .text               c_w.l(_printf_str.o)
    0x000004d4   0x000004d4   0x00000078   Code   RO         2167    .text               c_w.l(_printf_dec.o)
    0x0000054c   0x0000054c   0x00000138   Code   RO         2181    .text               c_w.l(__printf_flags_wp.o)
    0x00000684   0x00000684   0x0000003e   Code   RO         2192    .text               c_w.l(strlen.o)
    0x000006c2   0x000006c2   0x00000064   Code   RO         2194    .text               c_w.l(rt_memcpy_w.o)
    0x00000726   0x00000726   0x0000004e   Code   RO         2196    .text               c_w.l(rt_memclr_w.o)
    0x00000774   0x00000774   0x00000080   Code   RO         2198    .text               c_w.l(strcmpv7m.o)
    0x000007f4   0x000007f4   0x00000006   Code   RO         2200    .text               c_w.l(heapauxi.o)
    0x000007fa   0x000007fa   0x000000b2   Code   RO         2205    .text               c_w.l(_printf_intcommon.o)
    0x000008ac   0x000008ac   0x00000030   Code   RO         2207    .text               c_w.l(_printf_char_common.o)
    0x000008dc   0x000008dc   0x0000000a   Code   RO         2209    .text               c_w.l(_sputc.o)
    0x000008e6   0x000008e6   0x0000002c   Code   RO         2211    .text               c_w.l(_printf_char.o)
    0x00000912   0x00000912   0x0000004a   Code   RO         2231    .text               c_w.l(sys_stackheap_outer.o)
    0x0000095c   0x0000095c   0x00000012   Code   RO         2233    .text               c_w.l(exit.o)
    0x0000096e   0x0000096e   0x00000002   PAD
    0x00000970   0x00000970   0x00000008   Code   RO         2241    .text               c_w.l(libspace.o)
    0x00000978   0x00000978   0x0000000c   Code   RO         2302    .text               c_w.l(sys_exit.o)
    0x00000984   0x00000984   0x00000002   Code   RO         2313    .text               c_w.l(use_no_semi.o)
    0x00000986   0x00000986   0x00000000   Code   RO         2315    .text               c_w.l(indicate_semi.o)
    0x00000986   0x00000986   0x00000002   PAD
    0x00000988   0x00000988   0x00000094   Code   RO            1    i.ALARM_CALL        main.o
    0x00000a1c   0x00000a1c   0x0000000c   Code   RO            2    i.Delay             main.o
    0x00000a28   0x00000a28   0x00000104   Code   RO            3    i.DisplayAlarm      main.o
    0x00000b2c   0x00000b2c   0x00000104   Code   RO            4    i.DisplayDate       main.o
    0x00000c30   0x00000c30   0x0000010c   Code   RO            5    i.DisplayDate_left  main.o
    0x00000d3c   0x00000d3c   0x00000108   Code   RO            6    i.DisplayDate_right  main.o
    0x00000e44   0x00000e44   0x00000104   Code   RO            7    i.DisplayTime       main.o
    0x00000f48   0x00000f48   0x0000010c   Code   RO            8    i.DisplayTime_left  main.o
    0x00001054   0x00001054   0x00000108   Code   RO            9    i.DisplayTime_right  main.o
    0x0000115c   0x0000115c   0x00000044   Code   RO          306    i.EEPROMInit        driverlib.lib(eeprom.o)
    0x000011a0   0x000011a0   0x00000164   Code   RO          312    i.EEPROMProgram     driverlib.lib(eeprom.o)
    0x00001304   0x00001304   0x00000034   Code   RO          314    i.EEPROMRead        driverlib.lib(eeprom.o)
    0x00001338   0x00001338   0x00000028   Code   RO          454    i.GPIODirModeSet    driverlib.lib(gpio.o)
    0x00001360   0x00001360   0x00000138   Code   RO          466    i.GPIOPadConfigSet  driverlib.lib(gpio.o)
    0x00001498   0x00001498   0x00000044   Code   RO          467    i.GPIOPinConfigure  driverlib.lib(gpio.o)
    0x000014dc   0x000014dc   0x00000006   Code   RO          468    i.GPIOPinRead       driverlib.lib(gpio.o)
    0x000014e2   0x000014e2   0x0000001c   Code   RO          477    i.GPIOPinTypeGPIOInput  driverlib.lib(gpio.o)
    0x000014fe   0x000014fe   0x0000001c   Code   RO          478    i.GPIOPinTypeGPIOOutput  driverlib.lib(gpio.o)
    0x0000151a   0x0000151a   0x0000001c   Code   RO          481    i.GPIOPinTypeI2C    driverlib.lib(gpio.o)
    0x00001536   0x00001536   0x0000001c   Code   RO          482    i.GPIOPinTypeI2CSCL  driverlib.lib(gpio.o)
    0x00001552   0x00001552   0x0000001c   Code   RO          485    i.GPIOPinTypePWM    driverlib.lib(gpio.o)
    0x0000156e   0x0000156e   0x0000001c   Code   RO          490    i.GPIOPinTypeUART   driverlib.lib(gpio.o)
    0x0000158a   0x0000158a   0x00000006   Code   RO          496    i.GPIOPinWrite      driverlib.lib(gpio.o)
    0x00001590   0x00001590   0x00000080   Code   RO           10    i.I2C0_ReadByte     main.o
    0x00001610   0x00001610   0x00000074   Code   RO           11    i.I2C0_WriteByte    main.o
    0x00001684   0x00001684   0x0000000c   Code   RO          769    i.I2CMasterBusBusy  driverlib.lib(i2c.o)
    0x00001690   0x00001690   0x0000000c   Code   RO          770    i.I2CMasterBusy     driverlib.lib(i2c.o)
    0x0000169c   0x0000169c   0x00000004   Code   RO          771    i.I2CMasterControl  driverlib.lib(i2c.o)
    0x000016a0   0x000016a0   0x00000004   Code   RO          772    i.I2CMasterDataGet  driverlib.lib(i2c.o)
    0x000016a4   0x000016a4   0x00000004   Code   RO          773    i.I2CMasterDataPut  driverlib.lib(i2c.o)
    0x000016a8   0x000016a8   0x0000000a   Code   RO          775    i.I2CMasterEnable   driverlib.lib(i2c.o)
    0x000016b2   0x000016b2   0x00000018   Code   RO          776    i.I2CMasterErr      driverlib.lib(i2c.o)
    0x000016ca   0x000016ca   0x00000002   PAD
    0x000016cc   0x000016cc   0x00000054   Code   RO          778    i.I2CMasterInitExpClk  driverlib.lib(i2c.o)
    0x00001720   0x00001720   0x00000008   Code   RO          788    i.I2CMasterSlaveAddrSet  driverlib.lib(i2c.o)
    0x00001728   0x00001728   0x00000058   Code   RO           12    i.INIT_CLOCK        main.o
    0x00001780   0x00001780   0x00000064   Code   RO         1097    i.IntEnable         driverlib.lib(interrupt.o)
    0x000017e4   0x000017e4   0x0000000e   Code   RO         1100    i.IntMasterEnable   driverlib.lib(interrupt.o)
    0x000017f2   0x000017f2   0x00000014   Code   RO         1213    i.PWMClockSet       driverlib.lib(pwm.o)
    0x00001806   0x00001806   0x00000026   Code   RO         1220    i.PWMGenConfigure   driverlib.lib(pwm.o)
    0x0000182c   0x0000182c   0x0000000a   Code   RO         1222    i.PWMGenEnable      driverlib.lib(pwm.o)
    0x00001836   0x00001836   0x00000012   Code   RO         1235    i.PWMGenPeriodSet   driverlib.lib(pwm.o)
    0x00001848   0x00001848   0x00000010   Code   RO         1242    i.PWMOutputState    driverlib.lib(pwm.o)
    0x00001858   0x00001858   0x00000020   Code   RO         1245    i.PWMPulseWidthSet  driverlib.lib(pwm.o)
    0x00001878   0x00001878   0x00000074   Code   RO           13    i.PWM_Init          main.o
    0x000018ec   0x000018ec   0x00000080   Code   RO           14    i.S800_GPIO_Init    main.o
    0x0000196c   0x0000196c   0x00000098   Code   RO           15    i.S800_I2C0_Init    main.o
    0x00001a04   0x00001a04   0x00000080   Code   RO           16    i.S800_UART_Init    main.o
    0x00001a84   0x00001a84   0x000002ec   Code   RO         1447    i.SysCtlClockFreqSet  driverlib.lib(sysctl.o)
    0x00001d70   0x00001d70   0x00000028   Code   RO         1479    i.SysCtlPeripheralEnable  driverlib.lib(sysctl.o)
    0x00001d98   0x00001d98   0x0000002c   Code   RO         1483    i.SysCtlPeripheralReady  driverlib.lib(sysctl.o)
    0x00001dc4   0x00001dc4   0x0000003c   Code   RO         1484    i.SysCtlPeripheralReset  driverlib.lib(sysctl.o)
    0x00001e00   0x00001e00   0x0000000e   Code   RO         1788    i.SysTickEnable     driverlib.lib(systick.o)
    0x00001e0e   0x00001e0e   0x0000000e   Code   RO         1790    i.SysTickIntEnable  driverlib.lib(systick.o)
    0x00001e1c   0x00001e1c   0x0000000a   Code   RO         1794    i.SysTickPeriodSet  driverlib.lib(systick.o)
    0x00001e26   0x00001e26   0x00000002   PAD
    0x00001e28   0x00001e28   0x000001f0   Code   RO           17    i.SysTick_Handler   main.o
    0x00002018   0x00002018   0x00000020   Code   RO          248    i.SystemInit        system_tm4c129.o
    0x00002038   0x00002038   0x00000928   Code   RO           18    i.UART0_Handler     main.o
    0x00002960   0x00002960   0x0000000c   Code   RO         1856    i.UARTCharGet       driverlib.lib(uart.o)
    0x0000296c   0x0000296c   0x0000000c   Code   RO         1858    i.UARTCharPut       driverlib.lib(uart.o)
    0x00002978   0x00002978   0x00000010   Code   RO         1859    i.UARTCharPutNonBlocking  driverlib.lib(uart.o)
    0x00002988   0x00002988   0x0000000a   Code   RO         1860    i.UARTCharsAvail    driverlib.lib(uart.o)
    0x00002992   0x00002992   0x0000006e   Code   RO         1864    i.UARTConfigSetExpClk  driverlib.lib(uart.o)
    0x00002a00   0x00002a00   0x00000006   Code   RO         1874    i.UARTFIFOLevelSet  driverlib.lib(uart.o)
    0x00002a06   0x00002a06   0x00000004   Code   RO         1877    i.UARTIntClear      driverlib.lib(uart.o)
    0x00002a0a   0x00002a0a   0x00000008   Code   RO         1879    i.UARTIntEnable     driverlib.lib(uart.o)
    0x00002a12   0x00002a12   0x0000000a   Code   RO         1881    i.UARTIntStatus     driverlib.lib(uart.o)
    0x00002a1c   0x00002a1c   0x00000028   Code   RO           19    i.UARTStringGet     main.o
    0x00002a44   0x00002a44   0x0000001c   Code   RO           20    i.UARTStringPut     main.o
    0x00002a60   0x00002a60   0x0000001c   Code   RO           21    i.UARTStringPutNonBlocking  main.o
    0x00002a7c   0x00002a7c   0x0000000e   Code   RO         2179    i._is_digit         c_w.l(__printf_wp.o)
    0x00002a8a   0x00002a8a   0x0000003a   Code   RO           22    i.check_run         main.o
    0x00002ac4   0x00002ac4   0x00000104   Code   RO           23    i.jingwei           main.o
    0x00002bc8   0x00002bc8   0x0000056c   Code   RO           24    i.main              main.o
    0x00003134   0x00003134   0x00000088   Code   RO           25    i.push              main.o
    0x000031bc   0x000031bc   0x000002c0   Code   RO           26    i.reset             main.o
    0x0000347c   0x0000347c   0x00000034   Code   RO           27    i.soundPWM          main.o
    0x000034b0   0x000034b0   0x0000000a   Code   RO         2300    x$fpl$fpinit        fz_wm.l(fpinit.o)
    0x000034ba   0x000034ba   0x00000002   PAD
    0x000034bc   0x000034bc   0x00000028   Data   RO           29    .constdata          main.o
    0x000034e4   0x000034e4   0x00000228   Data   RO          498    .constdata          driverlib.lib(gpio.o)
    0x0000370c   0x0000370c   0x0000010c   Data   RO         1113    .constdata          driverlib.lib(interrupt.o)
    0x00003818   0x00003818   0x00000254   Data   RO         1501    .constdata          driverlib.lib(sysctl.o)
    0x00003a6c   0x00003a6c   0x00000011   Data   RO         2182    .constdata          c_w.l(__printf_flags_wp.o)
    0x00003a7d   0x00003a7d   0x00000003   PAD
    0x00003a80   0x00003a80   0x00000055   Data   RO           30    .conststring        main.o
    0x00003ad5   0x00003ad5   0x00000003   PAD
    0x00003ad8   0x00003ad8   0x00000020   Data   RO         2368    Region$$Table       anon$$obj.o


    Execution Region RW_IRAM1 (Exec base: 0x20000000, Load base: 0x00003af8, Size: 0x00000550, Max: 0x00040000, ABSOLUTE)

    Exec Addr    Load Addr    Size         Type   Attr      Idx    E Section Name        Object

    0x20000000   0x00003af8   0x00000120   Data   RW           31    .data               main.o
    0x20000120   0x00003c18   0x00000004   Data   RW          249    .data               system_tm4c129.o
    0x20000124        -       0x000001cc   Zero   RW           28    .bss                main.o
    0x200002f0        -       0x00000060   Zero   RW         2242    .bss                c_w.l(libspace.o)
    0x20000350        -       0x00000000   Zero   RW          237    HEAP                startup_tm4c129.o
    0x20000350        -       0x00000200   Zero   RW          236    STACK               startup_tm4c129.o


==============================================================================

Image component sizes


      Code (inc. data)   RO Data    RW Data    ZI Data      Debug   Object Name

      8394       1630        125        288        460      25279   main.o
       300         22        512          0        512       6024   startup_tm4c129.o
        32         12          0          4          0        703   system_tm4c129.o

    ----------------------------------------------------------------------
      8726       1664        672        292        972      32006   Object Totals
         0          0         32          0          0          0   (incl. Generated)
         0          0          3          0          0          0   (incl. Padding)

    ----------------------------------------------------------------------

      Code (inc. data)   RO Data    RW Data    ZI Data      Debug   Library Member Name

         8          0          0          0          0         68   __main.o
       312          4         17          0          0         92   __printf_flags_wp.o
        14          0          0          0          0         68   __printf_wp.o
         0          0          0          0          0          0   __rtentry.o
        12          0          0          0          0          0   __rtentry2.o
         6          0          0          0          0          0   __rtentry4.o
        52          8          0          0          0          0   __scatter.o
        26          0          0          0          0          0   __scatter_copy.o
        28          0          0          0          0          0   __scatter_zi.o
        44          0          0          0          0        108   _printf_char.o
        48          6          0          0          0         96   _printf_char_common.o
       120         16          0          0          0         92   _printf_dec.o
       178          0          0          0          0         88   _printf_intcommon.o
        78          0          0          0          0        108   _printf_pad.o
         0          0          0          0          0          0   _printf_percent.o
         4          0          0          0          0          0   _printf_percent_end.o
         6          0          0          0          0          0   _printf_s.o
        82          0          0          0          0         80   _printf_str.o
         6          0          0          0          0          0   _printf_u.o
        10          0          0          0          0         68   _sputc.o
        18          0          0          0          0         80   exit.o
         6          0          0          0          0        152   heapauxi.o
         0          0          0          0          0          0   indicate_semi.o
         2          0          0          0          0          0   libinit.o
         6          0          0          0          0          0   libinit2.o
         2          0          0          0          0          0   libshutdown.o
         2          0          0          0          0          0   libshutdown2.o
         8          4          0          0         96         68   libspace.o
        40          6          0          0          0         84   noretval__2sprintf.o
        78          0          0          0          0         80   rt_memclr_w.o
       100          0          0          0          0         80   rt_memcpy_w.o
         2          0          0          0          0          0   rtexit.o
        10          0          0          0          0          0   rtexit2.o
       128          0          0          0          0         68   strcmpv7m.o
        62          0          0          0          0         76   strlen.o
        12          4          0          0          0         68   sys_exit.o
        74          0          0          0          0         80   sys_stackheap_outer.o
         2          0          0          0          0         68   use_no_semi.o
        38          0          0          0          0        560   cpu.o
       476         34          0          0          0       6310   eeprom.o
       600          8        552          0          0       7919   gpio.o
       162         12          0          0          0       5710   i2c.o
       114          8        268          0          0       2038   interrupt.o
       134          0          0          0          0       3369   pwm.o
       898         54        596          0          0       6346   sysctl.o
        38          0          0          0          0       1394   systick.o
       188          0          0          0          0       5955   uart.o
        10          0          0          0          0        116   fpinit.o

    ----------------------------------------------------------------------
      4262        164       1436          0         96      41489   Library Totals
        18          0          3          0          0          0   (incl. Padding)

    ----------------------------------------------------------------------

      Code (inc. data)   RO Data    RW Data    ZI Data      Debug   Library Name

      1586         48         17          0         96       1772   c_w.l
      2648        116       1416          0          0      39601   driverlib.lib
        10          0          0          0          0        116   fz_wm.l

    ----------------------------------------------------------------------
      4262        164       1436          0         96      41489   Library Totals

    ----------------------------------------------------------------------

==============================================================================


      Code (inc. data)   RO Data    RW Data    ZI Data      Debug   

     12988       1828       2108        292       1068      65711   Grand Totals
     12988       1828       2108        292       1068      65711   ELF Image Totals
     12988       1828       2108        292          0          0   ROM Totals

==============================================================================

    Total RO  Size (Code + RO Data)                15096 (  14.74kB)
    Total RW  Size (RW Data + ZI Data)              1360 (   1.33kB)
    Total ROM Size (Code + RO Data + RW Data)      15388 (  15.03kB)

==============================================================================

